179.43.191.18 - - [12/Jul/2023:09:49:55 -0400] "GET /wp-content/plugins/hellopress/wp_filemanager.php HTTP/1.1" 404 1238 "http://etherealecho.online/wp-content/plugins/hellopress/wp_filemanager.php" "researchoftheweb"
5.9.110.74 - - [12/Jul/2023:11:09:33 -0400] "GET /wp-content/themes/pridmag/db.php?u HTTP/1.1" 404 1238 "-" "Mozlila/5.0 (Linux; Android 7.0; SM-G892A Bulid/NRD90M; wv) AppleWebKit/537.36 (KHTML, like Gecko) Version/4.0 Chrome/60.0.3112.107 Moblie Safari/537.36"
103.60.127.25 - - [12/Jul/2023:11:51:18 -0400] "GET /wp-include.php?index%5B%5D=&index%5B%5D=call_user_func&index%5B%5D=print_r&index%5B%5D=trim&index%5B%5D=1a2b3c4dd848762 HTTP/1.1" 404 1238 "etherealecho.online" "Mozilla/5.0 (Windows NT 10.0; Win64; x64) AppleWebKit/537.36 (KHTML, like Gecko) Chrome/96.0.4664.110 Safari/537.36 DTLIMftYh9jiVYwT"
185.254.37.239 - - [12/Jul/2023:12:24:37 -0400] "GET /wp-content/plugins/elementor-pro/changelog.txt HTTP/1.1" 404 1238 "www.google.com" "Mozilla/6.4 (Windows NT 11.1) Gecko/2010102 Firefox/99.0"
185.254.37.239 - - [12/Jul/2023:12:24:50 -0400] "GET /wp-content/plugins/woocommerce/readme.txt HTTP/1.1" 200 6466 "www.google.com" "Mozilla/6.4 (Windows NT 11.1) Gecko/2010102 Firefox/99.0"
179.43.191.18 - - [12/Jul/2023:12:31:46 -0400] "GET /wp-content/plugins/wp-file-manager/lib/php/connector.minimal.php HTTP/1.1" 404 1238 "http://etherealecho.online/wp-content/plugins/wp-file-manager/lib/php/connector.minimal.php" "researchoftheweb"
35.86.102.57 - - [12/Jul/2023:13:24:33 -0400] "GET / HTTP/1.1" 200 46222 "-" "Mozilla/5.0 (X11; Linux x86_64) AppleWebKit/537.36 (KHTML, like Gecko) Chrome/83.0.4103.97 Safari/537.36"
35.166.89.202 - - [12/Jul/2023:13:24:34 -0400] "GET / HTTP/1.1" 200 46222 "-" "Mozilla/5.0 (X11; Linux x86_64) AppleWebKit/537.36 (KHTML, like Gecko) Chrome/83.0.4103.97 Safari/537.36"
35.93.77.232 - - [12/Jul/2023:13:24:43 -0400] "GET /favicon.ico HTTP/1.1" 404 1238 "http://etherealecho.online/favicon.ico" "Mozilla/5.0 (X11; Linux x86_64) AppleWebKit/537.36 (KHTML, like Gecko) Chrome/83.0.4103.97 Safari/537.36"
35.93.77.232 - - [12/Jul/2023:13:24:43 -0400] "GET / HTTP/1.1" 200 46222 "http://etherealecho.online" "Mozilla/5.0 (X11; Linux x86_64) AppleWebKit/537.36 (KHTML, like Gecko) Chrome/83.0.4103.97 Safari/537.36"
35.93.77.232 - - [12/Jul/2023:13:24:43 -0400] "GET /wp-content/uploads/2023/05/cropped-cropped-LogoMakr-6w4OOX-2-32x32.png HTTP/1.1" 200 1325 "-" "Go-http-client/1.1"
54.190.17.61 - - [12/Jul/2023:13:25:01 -0400] "GET /favicon.ico HTTP/1.1" 404 1238 "-" "Mozilla/5.0 (X11; Linux x86_64) AppleWebKit/537.36 (KHTML, like Gecko) Chrome/83.0.4103.97 Safari/537.36"
54.190.17.61 - - [12/Jul/2023:13:25:03 -0400] "GET / HTTP/1.1" 200 46222 "-" "Mozilla/5.0 (X11; Linux x86_64) AppleWebKit/537.36 (KHTML, like Gecko) Chrome/83.0.4103.97 Safari/537.36"
54.190.17.61 - - [12/Jul/2023:13:25:04 -0400] "GET /wp-content/uploads/2023/05/cropped-cropped-LogoMakr-6w4OOX-2-32x32.png HTTP/1.1" 200 1325 "-" "Go-http-client/1.1"
151.106.11.180 - - [12/Jul/2023:13:35:15 -0400] "GET / HTTP/1.0" 200 240412 "https://etherealecho.online/" "Mozilla/5.0 (Windows NT 10.0; Win64; x64) AppleWebKit/537.36 (KHTML, like Gecko) Chrome/68.0.3440.106 Safari/537.36 OPR/55.0.2994.44"
151.106.11.180 - - [12/Jul/2023:13:35:17 -0400] "GET /?page_id=414 HTTP/1.0" 200 210699 "https://etherealecho.online/?page_id=414" "Mozilla/5.0 (Windows NT 10.0; Win64; x64) AppleWebKit/537.36 (KHTML, like Gecko) Chrome/68.0.3440.106 Safari/537.36 OPR/55.0.2994.44"
162.254.39.2 - - [12/Jul/2023:13:35:27 -0400] "POST /wp-cron.php?doing_wp_cron=1689183327.1257550716400146484375 HTTP/1.1" 200 0 "-" "WordPress/6.2.2; https://etherealecho.online"
162.254.39.2 - - [12/Jul/2023:13:35:27 -0400] "POST /wp-cron.php?doing_wp_cron=1689183327.5021450519561767578125 HTTP/1.1" 200 0 "-" "WordPress/6.2.2; https://etherealecho.online"
162.254.39.2 - - [12/Jul/2023:13:35:27 -0400] "POST /wp-admin/admin-ajax.php?action=async_litespeed&nonce=fd5f840c20&litespeed_type=imgoptm HTTP/1.1" 200 0 "-" "WordPress/6.2.2; https://etherealecho.online"
151.106.11.180 - - [12/Jul/2023:13:35:22 -0400] "POST /?page_id=414 HTTP/1.0" 200 207628 "https://etherealecho.online/?page_id=414" "Mozilla/5.0 (Windows NT 10.0; Win64; x64) AppleWebKit/537.36 (KHTML, like Gecko) Chrome/68.0.3440.106 Safari/537.36 OPR/55.0.2994.44"
162.254.39.2 - - [12/Jul/2023:13:35:28 -0400] "POST /wp-admin/admin-ajax.php?action=wp_1_wc_privacy_cleanup&nonce=5c3788d6c2 HTTP/1.1" 200 0 "-" "WordPress/6.2.2; https://etherealecho.online"
162.254.39.2 - - [12/Jul/2023:13:35:29 -0400] "GET / HTTP/1.1" 200 46222 "-" "WordPress/6.2.2; https://etherealecho.online"
46.228.199.158 - - [12/Jul/2023:14:43:02 -0400] "GET / HTTP/1.1" 200 46222 "-" "Mozilla/5.0 (Windows NT 10.0; Win64; x64) AppleWebKit/537.36 (KHTML, like Gecko) Chrome/91.0.4472.114 Safari/537.36 Edg/91.0.864.54"
209.97.190.117 - - [12/Jul/2023:15:19:34 -0400] "GET / HTTP/1.1" 200 46232 "-" "Mozilla/5.0 (X11; Linux x86_64) AppleWebKit/537.36 (KHTML, like Gecko) Chrome/108.0.0.0 Safari/537.36"
195.148.23.31 - - [12/Jul/2023:16:15:06 -0400] "GET /style.php?sig=rename HTTP/1.1" 404 1238 "-" "Mozilla/5.0 (Windows NT 10.0; Win64; x64; rv:89.0) Gecko/20100101 Firefox/89.0"
54.71.22.214 - - [12/Jul/2023:16:15:24 -0400] "GET / HTTP/1.1" 200 46222 "-" "Mozilla/5.0 (Windows NT 10.0; Win64; x64)AppleWebKit/537.36 (KHTML, like Gecko) Chrome/66.0.3359.181 Safari/537.36"
54.71.22.214 - - [12/Jul/2023:16:15:26 -0400] "GET / HTTP/1.1" 200 46222 "-" "Mozilla/5.0 (Windows NT 10.0; Win64; x64)AppleWebKit/537.36 (KHTML, like Gecko) Chrome/66.0.3359.181 Safari/537.36"
199.244.88.230 - - [12/Jul/2023:17:15:22 -0400] "GET / HTTP/1.1" 200 46222 "http://etherealecho.online" "Mozilla/5.0 (X11; Linux x86_64) AppleWebKit/537.36 (KHTML, like Gecko) Chrome/105.0.0.0 Safari/537.36"
2.28.204.89 - - [12/Jul/2023:17:46:12 -0400] "GET / HTTP/1.1" 304 0 "-" "Mozilla/5.0 (Windows NT 10.0; Win64; x64; rv:109.0) Gecko/20100101 Firefox/115.0"
2.28.204.89 - - [12/Jul/2023:17:46:12 -0400] "GET /wp-content/plugins/elementor/assets/lib/animations/animations.min.css?ver=3.14.1 HTTP/1.1" 200 2442 "https://etherealecho.online/" "Mozilla/5.0 (Windows NT 10.0; Win64; x64; rv:109.0) Gecko/20100101 Firefox/115.0"
2.28.204.89 - - [12/Jul/2023:17:46:12 -0400] "GET /wp-content/plugins/elementskit-lite/libs/framework/assets/js/frontend-script.js?ver=2.9.0 HTTP/1.1" 200 40 "https://etherealecho.online/" "Mozilla/5.0 (Windows NT 10.0; Win64; x64; rv:109.0) Gecko/20100101 Firefox/115.0"
2.28.204.89 - - [12/Jul/2023:17:46:12 -0400] "GET /wp-content/plugins/elementskit-lite/widgets/init/assets/js/animate-circle.min.js?ver=2.9.0 HTTP/1.1" 200 393 "https://etherealecho.online/" "Mozilla/5.0 (Windows NT 10.0; Win64; x64; rv:109.0) Gecko/20100101 Firefox/115.0"
2.28.204.89 - - [12/Jul/2023:17:46:12 -0400] "GET /wp-content/plugins/wpforms-lite/assets/js/integrations/elementor/frontend.min.js?ver=1.8.2.2 HTTP/1.1" 200 342 "https://etherealecho.online/" "Mozilla/5.0 (Windows NT 10.0; Win64; x64; rv:109.0) Gecko/20100101 Firefox/115.0"
2.28.204.89 - - [12/Jul/2023:17:46:12 -0400] "GET /wp-content/plugins/elementor/assets/lib/eicons/css/elementor-icons.min.css?ver=5.20.0 HTTP/1.1" 200 3658 "https://etherealecho.online/" "Mozilla/5.0 (Windows NT 10.0; Win64; x64; rv:109.0) Gecko/20100101 Firefox/115.0"
2.28.204.89 - - [12/Jul/2023:17:46:12 -0400] "GET /wp-content/uploads/elementor/css/post-4450.css?ver=1687965641 HTTP/1.1" 200 2605 "https://etherealecho.online/" "Mozilla/5.0 (Windows NT 10.0; Win64; x64; rv:109.0) Gecko/20100101 Firefox/115.0"
2.28.204.89 - - [12/Jul/2023:17:46:12 -0400] "GET /wp-content/themes/astra/assets/css/minified/compatibility/woocommerce/woocommerce-smallscreen-grid.min.css?ver=4.1.6 HTTP/1.1" 200 0 "https://etherealecho.online/" "Mozilla/5.0 (Windows NT 10.0; Win64; x64; rv:109.0) Gecko/20100101 Firefox/115.0"
2.28.204.89 - - [12/Jul/2023:17:46:12 -0400] "GET /wp-content/uploads/2023/05/cropped-LogoMakr-6w4OOX-2.png HTTP/1.1" 200 0 "https://etherealecho.online/" "Mozilla/5.0 (Windows NT 10.0; Win64; x64; rv:109.0) Gecko/20100101 Firefox/115.0"
2.28.204.89 - - [12/Jul/2023:17:46:12 -0400] "GET /wp-content/uploads/2023/05/cropped-cropped-LogoMakr-6w4OOX-2-192x192.png HTTP/1.1" 200 0 "https://etherealecho.online/" "Mozilla/5.0 (Windows NT 10.0; Win64; x64; rv:109.0) Gecko/20100101 Firefox/115.0"
2.28.204.89 - - [12/Jul/2023:17:46:12 -0400] "GET /wp-content/uploads/2023/05/cropped-cropped-LogoMakr-6w4OOX-2-32x32.png HTTP/1.1" 200 0 "https://etherealecho.online/" "Mozilla/5.0 (Windows NT 10.0; Win64; x64; rv:109.0) Gecko/20100101 Firefox/115.0"
162.254.39.2 - - [12/Jul/2023:17:46:17 -0400] "POST /wp-cron.php?doing_wp_cron=1689198377.6191020011901855468750 HTTP/1.1" 200 0 "-" "WordPress/6.2.2; https://etherealecho.online"
162.254.39.2 - - [12/Jul/2023:17:46:17 -0400] "POST /wp-cron.php?doing_wp_cron=1689198377.7082440853118896484375 HTTP/1.1" 200 0 "-" "WordPress/6.2.2; https://etherealecho.online"
2.28.204.89 - - [12/Jul/2023:17:46:12 -0400] "POST /?wc-ajax=get_refreshed_fragments HTTP/1.1" 200 0 "https://etherealecho.online/" "Mozilla/5.0 (Windows NT 10.0; Win64; x64; rv:109.0) Gecko/20100101 Firefox/115.0"
2.28.204.89 - - [12/Jul/2023:18:21:02 -0400] "GET / HTTP/1.1" 304 0 "-" "Mozilla/5.0 (Windows NT 10.0; Win64; x64; rv:109.0) Gecko/20100101 Firefox/115.0"
2.28.204.89 - - [12/Jul/2023:18:21:02 -0400] "GET /wp-content/plugins/elementskit-lite/libs/framework/assets/js/frontend-script.js?ver=2.9.0 HTTP/1.1" 200 40 "https://etherealecho.online/" "Mozilla/5.0 (Windows NT 10.0; Win64; x64; rv:109.0) Gecko/20100101 Firefox/115.0"
2.28.204.89 - - [12/Jul/2023:18:21:02 -0400] "GET /wp-content/plugins/elementskit-lite/widgets/init/assets/js/animate-circle.min.js?ver=2.9.0 HTTP/1.1" 200 393 "https://etherealecho.online/" "Mozilla/5.0 (Windows NT 10.0; Win64; x64; rv:109.0) Gecko/20100101 Firefox/115.0"
2.28.204.89 - - [12/Jul/2023:18:21:02 -0400] "GET /wp-content/plugins/wpforms-lite/assets/js/integrations/elementor/frontend.min.js?ver=1.8.2.2 HTTP/1.1" 200 342 "https://etherealecho.online/" "Mozilla/5.0 (Windows NT 10.0; Win64; x64; rv:109.0) Gecko/20100101 Firefox/115.0"
2.28.204.89 - - [12/Jul/2023:18:21:02 -0400] "GET /wp-content/plugins/elementor/assets/lib/eicons/css/elementor-icons.min.css?ver=5.20.0 HTTP/1.1" 200 0 "https://etherealecho.online/" "Mozilla/5.0 (Windows NT 10.0; Win64; x64; rv:109.0) Gecko/20100101 Firefox/115.0"
2.28.204.89 - - [12/Jul/2023:18:21:02 -0400] "GET /wp-content/uploads/elementor/css/post-4450.css?ver=1687965641 HTTP/1.1" 200 0 "https://etherealecho.online/" "Mozilla/5.0 (Windows NT 10.0; Win64; x64; rv:109.0) Gecko/20100101 Firefox/115.0"
2.28.204.89 - - [12/Jul/2023:18:21:02 -0400] "GET /wp-content/plugins/woocommerce/assets/fonts/star.woff HTTP/1.1" 200 1304 "https://etherealecho.online/wp-content/themes/astra/assets/css/minified/compatibility/woocommerce/woocommerce-grid.min.css?ver=4.1.6" "Mozilla/5.0 (Windows NT 10.0; Win64; x64; rv:109.0) Gecko/20100101 Firefox/115.0"
162.254.39.2 - - [12/Jul/2023:18:21:06 -0400] "POST /wp-cron.php?doing_wp_cron=1689200466.0616900920867919921875 HTTP/1.1" 200 0 "-" "WordPress/6.2.2; https://etherealecho.online"
2.28.204.89 - - [12/Jul/2023:18:21:02 -0400] "POST /?wc-ajax=get_refreshed_fragments HTTP/1.1" 200 3138 "https://etherealecho.online/" "Mozilla/5.0 (Windows NT 10.0; Win64; x64; rv:109.0) Gecko/20100101 Firefox/115.0"
162.254.39.2 - - [12/Jul/2023:18:21:06 -0400] "POST /wp-admin/admin-ajax.php?action=async_litespeed&nonce=fd5f840c20&litespeed_type=imgoptm HTTP/1.1" 200 0 "-" "WordPress/6.2.2; https://etherealecho.online"
76.146.79.217 - - [12/Jul/2023:18:22:12 -0400] "GET / HTTP/1.1" 200 37614 "-" "Mozilla/5.0 (Windows NT 10.0; Win64; x64) AppleWebKit/537.36 (KHTML, like Gecko) Chrome/109.0.0.0 Safari/537.36"
76.146.79.217 - - [12/Jul/2023:18:22:13 -0400] "GET /wp-content/plugins/elementor/assets/js/frontend-modules.min.js?ver=3.14.1 HTTP/1.1" 200 15175 "https://etherealecho.online/" "Mozilla/5.0 (Windows NT 10.0; Win64; x64) AppleWebKit/537.36 (KHTML, like Gecko) Chrome/109.0.0.0 Safari/537.36"
76.146.79.217 - - [12/Jul/2023:18:22:13 -0400] "GET /wp-content/plugins/elementor/assets/lib/waypoints/waypoints.min.js?ver=4.0.2 HTTP/1.1" 200 2867 "https://etherealecho.online/" "Mozilla/5.0 (Windows NT 10.0; Win64; x64) AppleWebKit/537.36 (KHTML, like Gecko) Chrome/109.0.0.0 Safari/537.36"
76.146.79.217 - - [12/Jul/2023:18:22:13 -0400] "GET /wp-includes/js/jquery/ui/core.min.js?ver=1.13.2 HTTP/1.1" 200 6801 "https://etherealecho.online/" "Mozilla/5.0 (Windows NT 10.0; Win64; x64) AppleWebKit/537.36 (KHTML, like Gecko) Chrome/109.0.0.0 Safari/537.36"
76.146.79.217 - - [12/Jul/2023:18:22:13 -0400] "GET /wp-content/plugins/elementskit-lite/widgets/init/assets/js/animate-circle.min.js?ver=2.9.0 HTTP/1.1" 200 393 "https://etherealecho.online/" "Mozilla/5.0 (Windows NT 10.0; Win64; x64) AppleWebKit/537.36 (KHTML, like Gecko) Chrome/109.0.0.0 Safari/537.36"
76.146.79.217 - - [12/Jul/2023:18:22:13 -0400] "GET /wp-content/plugins/wpforms-lite/assets/js/integrations/elementor/frontend.min.js?ver=1.8.2.2 HTTP/1.1" 200 342 "https://etherealecho.online/" "Mozilla/5.0 (Windows NT 10.0; Win64; x64) AppleWebKit/537.36 (KHTML, like Gecko) Chrome/109.0.0.0 Safari/537.36"
76.146.79.217 - - [12/Jul/2023:18:22:13 -0400] "GET /wp-content/plugins/elementskit-lite/libs/framework/assets/js/frontend-script.js?ver=2.9.0 HTTP/1.1" 200 40 "https://etherealecho.online/" "Mozilla/5.0 (Windows NT 10.0; Win64; x64) AppleWebKit/537.36 (KHTML, like Gecko) Chrome/109.0.0.0 Safari/537.36"
76.146.79.217 - - [12/Jul/2023:18:22:13 -0400] "GET /wp-content/plugins/elementor/assets/js/frontend.min.js?ver=3.14.1 HTTP/1.1" 200 11911 "https://etherealecho.online/" "Mozilla/5.0 (Windows NT 10.0; Win64; x64) AppleWebKit/537.36 (KHTML, like Gecko) Chrome/109.0.0.0 Safari/537.36"
76.146.79.217 - - [12/Jul/2023:18:22:13 -0400] "GET /wp-content/plugins/elementor/assets/js/webpack.runtime.min.js?ver=3.14.1 HTTP/1.1" 200 2046 "https://etherealecho.online/" "Mozilla/5.0 (Windows NT 10.0; Win64; x64) AppleWebKit/537.36 (KHTML, like Gecko) Chrome/109.0.0.0 Safari/537.36"
76.146.79.217 - - [12/Jul/2023:18:22:13 -0400] "GET /wp-content/plugins/elementskit-lite/widgets/init/assets/js/elementor.js?ver=2.9.0 HTTP/1.1" 200 5000 "https://etherealecho.online/" "Mozilla/5.0 (Windows NT 10.0; Win64; x64) AppleWebKit/537.36 (KHTML, like Gecko) Chrome/109.0.0.0 Safari/537.36"
76.146.79.217 - - [12/Jul/2023:18:22:13 -0400] "GET /wp-content/plugins/elementskit-lite/widgets/init/assets/js/widget-scripts.js?ver=2.9.0 HTTP/1.1" 200 40428 "https://etherealecho.online/" "Mozilla/5.0 (Windows NT 10.0; Win64; x64) AppleWebKit/537.36 (KHTML, like Gecko) Chrome/109.0.0.0 Safari/537.36"
76.146.79.217 - - [12/Jul/2023:18:22:13 -0400] "GET /wp-content/plugins/woocommerce/assets/js/frontend/cart-fragments.min.js?ver=7.8.2 HTTP/1.1" 200 934 "https://etherealecho.online/" "Mozilla/5.0 (Windows NT 10.0; Win64; x64) AppleWebKit/537.36 (KHTML, like Gecko) Chrome/109.0.0.0 Safari/537.36"
76.146.79.217 - - [12/Jul/2023:18:22:13 -0400] "GET /wp-content/plugins/essential-addons-for-elementor-lite/assets/front-end/js/view/general.min.js?ver=5.8.1 HTTP/1.1" 200 3051 "https://etherealecho.online/" "Mozilla/5.0 (Windows NT 10.0; Win64; x64) AppleWebKit/537.36 (KHTML, like Gecko) Chrome/109.0.0.0 Safari/537.36"
76.146.79.217 - - [12/Jul/2023:18:22:13 -0400] "GET /wp-content/plugins/variation-swatches-woo/assets/js/swatches.js?ver=1.0.7 HTTP/1.1" 200 3778 "https://etherealecho.online/" "Mozilla/5.0 (Windows NT 10.0; Win64; x64) AppleWebKit/537.36 (KHTML, like Gecko) Chrome/109.0.0.0 Safari/537.36"
76.146.79.217 - - [12/Jul/2023:18:22:13 -0400] "GET /wp-content/plugins/mystickymenu/js/morphext/morphext.min.js?ver=2.6.4 HTTP/1.1" 200 532 "https://etherealecho.online/" "Mozilla/5.0 (Windows NT 10.0; Win64; x64) AppleWebKit/537.36 (KHTML, like Gecko) Chrome/109.0.0.0 Safari/537.36"
76.146.79.217 - - [12/Jul/2023:18:22:13 -0400] "GET /wp-content/themes/astra/assets/js/minified/mobile-cart.min.js?ver=4.1.6 HTTP/1.1" 200 782 "https://etherealecho.online/" "Mozilla/5.0 (Windows NT 10.0; Win64; x64) AppleWebKit/537.36 (KHTML, like Gecko) Chrome/109.0.0.0 Safari/537.36"
76.146.79.217 - - [12/Jul/2023:18:22:13 -0400] "GET /wp-content/themes/astra/assets/js/minified/frontend.min.js?ver=4.1.6 HTTP/1.1" 200 4657 "https://etherealecho.online/" "Mozilla/5.0 (Windows NT 10.0; Win64; x64) AppleWebKit/537.36 (KHTML, like Gecko) Chrome/109.0.0.0 Safari/537.36"
76.146.79.217 - - [12/Jul/2023:18:22:13 -0400] "GET /wp-content/plugins/elementor/assets/lib/font-awesome/js/v4-shims.min.js?ver=3.14.1 HTTP/1.1" 200 4035 "https://etherealecho.online/" "Mozilla/5.0 (Windows NT 10.0; Win64; x64) AppleWebKit/537.36 (KHTML, like Gecko) Chrome/109.0.0.0 Safari/537.36"
76.146.79.217 - - [12/Jul/2023:18:22:13 -0400] "GET /wp-content/plugins/sticky-header-effects-for-elementor/assets/js/she-header.js?ver=1.6.5 HTTP/1.1" 200 1205 "https://etherealecho.online/" "Mozilla/5.0 (Windows NT 10.0; Win64; x64) AppleWebKit/537.36 (KHTML, like Gecko) Chrome/109.0.0.0 Safari/537.36"
76.146.79.217 - - [12/Jul/2023:18:22:13 -0400] "GET /wp-includes/js/wp-util.min.js?ver=6.2.2 HTTP/1.1" 200 690 "https://etherealecho.online/" "Mozilla/5.0 (Windows NT 10.0; Win64; x64) AppleWebKit/537.36 (KHTML, like Gecko) Chrome/109.0.0.0 Safari/537.36"
76.146.79.217 - - [12/Jul/2023:18:22:13 -0400] "GET /wp-content/plugins/woocommerce/assets/js/frontend/add-to-cart-variation.min.js?ver=7.8.2 HTTP/1.1" 200 3437 "https://etherealecho.online/" "Mozilla/5.0 (Windows NT 10.0; Win64; x64) AppleWebKit/537.36 (KHTML, like Gecko) Chrome/109.0.0.0 Safari/537.36"
76.146.79.217 - - [12/Jul/2023:18:22:13 -0400] "GET /wp-includes/js/underscore.min.js?ver=1.13.4 HTTP/1.1" 200 7179 "https://etherealecho.online/" "Mozilla/5.0 (Windows NT 10.0; Win64; x64) AppleWebKit/537.36 (KHTML, like Gecko) Chrome/109.0.0.0 Safari/537.36"
76.146.79.217 - - [12/Jul/2023:18:22:13 -0400] "GET /wp-content/plugins/woocommerce/assets/js/frontend/add-to-cart.min.js?ver=7.8.2 HTTP/1.1" 200 972 "https://etherealecho.online/" "Mozilla/5.0 (Windows NT 10.0; Win64; x64) AppleWebKit/537.36 (KHTML, like Gecko) Chrome/109.0.0.0 Safari/537.36"
76.146.79.217 - - [12/Jul/2023:18:22:13 -0400] "GET /wp-content/plugins/mystickymenu/js/detectmobilebrowser.js?ver=2.6.4 HTTP/1.1" 200 1342 "https://etherealecho.online/" "Mozilla/5.0 (Windows NT 10.0; Win64; x64) AppleWebKit/537.36 (KHTML, like Gecko) Chrome/109.0.0.0 Safari/537.36"
76.146.79.217 - - [12/Jul/2023:18:22:13 -0400] "GET /wp-content/plugins/woocommerce/assets/js/frontend/woocommerce.min.js?ver=7.8.2 HTTP/1.1" 200 677 "https://etherealecho.online/" "Mozilla/5.0 (Windows NT 10.0; Win64; x64) AppleWebKit/537.36 (KHTML, like Gecko) Chrome/109.0.0.0 Safari/537.36"
76.146.79.217 - - [12/Jul/2023:18:22:13 -0400] "GET /wp-content/plugins/mystickymenu/js/welcomebar-front.js?ver=2.6.4 HTTP/1.1" 200 2795 "https://etherealecho.online/" "Mozilla/5.0 (Windows NT 10.0; Win64; x64) AppleWebKit/537.36 (KHTML, like Gecko) Chrome/109.0.0.0 Safari/537.36"
76.146.79.217 - - [12/Jul/2023:18:22:13 -0400] "GET /wp-content/plugins/woocommerce/assets/js/jquery-blockui/jquery.blockUI.min.js?ver=2.7.0-wc.7.8.2 HTTP/1.1" 200 3247 "https://etherealecho.online/" "Mozilla/5.0 (Windows NT 10.0; Win64; x64) AppleWebKit/537.36 (KHTML, like Gecko) Chrome/109.0.0.0 Safari/537.36"
76.146.79.217 - - [12/Jul/2023:18:22:13 -0400] "GET /wp-content/plugins/woocommerce/assets/js/js-cookie/js.cookie.min.js?ver=2.1.4-wc.7.8.2 HTTP/1.1" 200 899 "https://etherealecho.online/" "Mozilla/5.0 (Windows NT 10.0; Win64; x64) AppleWebKit/537.36 (KHTML, like Gecko) Chrome/109.0.0.0 Safari/537.36"
76.146.79.217 - - [12/Jul/2023:18:22:13 -0400] "GET /wp-content/plugins/mystickymenu/js/mystickymenu.min.js?ver=2.6.4 HTTP/1.1" 200 1345 "https://etherealecho.online/" "Mozilla/5.0 (Windows NT 10.0; Win64; x64) AppleWebKit/537.36 (KHTML, like Gecko) Chrome/109.0.0.0 Safari/537.36"
76.146.79.217 - - [12/Jul/2023:18:22:13 -0400] "GET /wp-includes/js/jquery/jquery-migrate.min.js?ver=3.4.0 HTTP/1.1" 200 4603 "https://etherealecho.online/" "Mozilla/5.0 (Windows NT 10.0; Win64; x64) AppleWebKit/537.36 (KHTML, like Gecko) Chrome/109.0.0.0 Safari/537.36"
76.146.79.217 - - [12/Jul/2023:18:22:13 -0400] "GET /wp-includes/js/jquery/jquery.min.js?ver=3.6.4 HTTP/1.1" 200 30376 "https://etherealecho.online/" "Mozilla/5.0 (Windows NT 10.0; Win64; x64) AppleWebKit/537.36 (KHTML, like Gecko) Chrome/109.0.0.0 Safari/537.36"
76.146.79.217 - - [12/Jul/2023:18:22:13 -0400] "GET /wp-content/plugins/elementor/assets/lib/animations/animations.min.css?ver=3.14.1 HTTP/1.1" 200 2442 "https://etherealecho.online/" "Mozilla/5.0 (Windows NT 10.0; Win64; x64) AppleWebKit/537.36 (KHTML, like Gecko) Chrome/109.0.0.0 Safari/537.36"
76.146.79.217 - - [12/Jul/2023:18:22:13 -0400] "GET /wp-content/plugins/elementskit-lite/widgets/init/assets/css/widget-styles.css?ver=2.9.0 HTTP/1.1" 200 47092 "https://etherealecho.online/" "Mozilla/5.0 (Windows NT 10.0; Win64; x64) AppleWebKit/537.36 (KHTML, like Gecko) Chrome/109.0.0.0 Safari/537.36"
76.146.79.217 - - [12/Jul/2023:18:22:13 -0400] "GET /wp-content/uploads/elementor/css/post-4450.css?ver=1687965641 HTTP/1.1" 200 2605 "https://etherealecho.online/" "Mozilla/5.0 (Windows NT 10.0; Win64; x64) AppleWebKit/537.36 (KHTML, like Gecko) Chrome/109.0.0.0 Safari/537.36"
76.146.79.217 - - [12/Jul/2023:18:22:13 -0400] "GET /wp-content/plugins/elementor/assets/lib/font-awesome/css/v4-shims.min.css?ver=3.14.1 HTTP/1.1" 200 3987 "https://etherealecho.online/" "Mozilla/5.0 (Windows NT 10.0; Win64; x64) AppleWebKit/537.36 (KHTML, like Gecko) Chrome/109.0.0.0 Safari/537.36"
76.146.79.217 - - [12/Jul/2023:18:22:13 -0400] "GET /wp-content/plugins/elementskit-lite/widgets/init/assets/css/responsive.css?ver=2.9.0 HTTP/1.1" 200 2853 "https://etherealecho.online/" "Mozilla/5.0 (Windows NT 10.0; Win64; x64) AppleWebKit/537.36 (KHTML, like Gecko) Chrome/109.0.0.0 Safari/537.36"
76.146.79.217 - - [12/Jul/2023:18:22:13 -0400] "GET /wp-content/uploads/elementor/css/post-2887.css?ver=1687871100 HTTP/1.1" 200 312 "https://etherealecho.online/" "Mozilla/5.0 (Windows NT 10.0; Win64; x64) AppleWebKit/537.36 (KHTML, like Gecko) Chrome/109.0.0.0 Safari/537.36"
76.146.79.217 - - [12/Jul/2023:18:22:13 -0400] "GET /wp-content/plugins/sticky-header-effects-for-elementor/assets/css/she-header-style.css?ver=1.6.5 HTTP/1.1" 200 587 "https://etherealecho.online/" "Mozilla/5.0 (Windows NT 10.0; Win64; x64) AppleWebKit/537.36 (KHTML, like Gecko) Chrome/109.0.0.0 Safari/537.36"
76.146.79.217 - - [12/Jul/2023:18:22:13 -0400] "GET /wp-content/plugins/essential-addons-for-elementor-lite/assets/front-end/css/view/general.min.css?ver=5.8.1 HTTP/1.1" 200 724 "https://etherealecho.online/" "Mozilla/5.0 (Windows NT 10.0; Win64; x64) AppleWebKit/537.36 (KHTML, like Gecko) Chrome/109.0.0.0 Safari/537.36"
76.146.79.217 - - [12/Jul/2023:18:22:13 -0400] "GET /wp-content/plugins/elementor/assets/lib/swiper/v8/css/swiper.min.css?ver=8.4.5 HTTP/1.1" 200 4248 "https://etherealecho.online/" "Mozilla/5.0 (Windows NT 10.0; Win64; x64) AppleWebKit/537.36 (KHTML, like Gecko) Chrome/109.0.0.0 Safari/537.36"
76.146.79.217 - - [12/Jul/2023:18:22:13 -0400] "GET /wp-content/plugins/elementor/assets/lib/font-awesome/css/all.min.css?ver=3.14.1 HTTP/1.1" 200 12380 "https://etherealecho.online/" "Mozilla/5.0 (Windows NT 10.0; Win64; x64) AppleWebKit/537.36 (KHTML, like Gecko) Chrome/109.0.0.0 Safari/537.36"
76.146.79.217 - - [12/Jul/2023:18:22:13 -0400] "GET /wp-content/plugins/elementskit-lite/modules/elementskit-icon-pack/assets/css/ekiticons.css?ver=2.9.0 HTTP/1.1" 200 11757 "https://etherealecho.online/" "Mozilla/5.0 (Windows NT 10.0; Win64; x64) AppleWebKit/537.36 (KHTML, like Gecko) Chrome/109.0.0.0 Safari/537.36"
76.146.79.217 - - [12/Jul/2023:18:22:13 -0400] "GET /wp-includes/css/dashicons.min.css?ver=6.2.2 HTTP/1.1" 200 35110 "https://etherealecho.online/" "Mozilla/5.0 (Windows NT 10.0; Win64; x64) AppleWebKit/537.36 (KHTML, like Gecko) Chrome/109.0.0.0 Safari/537.36"
76.146.79.217 - - [12/Jul/2023:18:22:13 -0400] "GET /wp-content/themes/astra/assets/css/minified/compatibility/woocommerce/woocommerce-grid.min.css?ver=4.1.6 HTTP/1.1" 200 14950 "https://etherealecho.online/" "Mozilla/5.0 (Windows NT 10.0; Win64; x64) AppleWebKit/537.36 (KHTML, like Gecko) Chrome/109.0.0.0 Safari/537.36"
76.146.79.217 - - [12/Jul/2023:18:22:13 -0400] "GET /wp-content/themes/astra/assets/css/minified/compatibility/woocommerce/woocommerce-layout-grid.min.css?ver=4.1.6 HTTP/1.1" 200 1758 "https://etherealecho.online/" "Mozilla/5.0 (Windows NT 10.0; Win64; x64) AppleWebKit/537.36 (KHTML, like Gecko) Chrome/109.0.0.0 Safari/537.36"
76.146.79.217 - - [12/Jul/2023:18:22:13 -0400] "GET /wp-content/plugins/variation-swatches-woo/assets/css/swatches.css?ver=1.0.7 HTTP/1.1" 200 1591 "https://etherealecho.online/" "Mozilla/5.0 (Windows NT 10.0; Win64; x64) AppleWebKit/537.36 (KHTML, like Gecko) Chrome/109.0.0.0 Safari/537.36"
76.146.79.217 - - [12/Jul/2023:18:22:13 -0400] "GET /wp-content/plugins/elementor/assets/lib/eicons/css/elementor-icons.min.css?ver=5.20.0 HTTP/1.1" 200 3658 "https://etherealecho.online/" "Mozilla/5.0 (Windows NT 10.0; Win64; x64) AppleWebKit/537.36 (KHTML, like Gecko) Chrome/109.0.0.0 Safari/537.36"
76.146.79.217 - - [12/Jul/2023:18:22:13 -0400] "GET /wp-content/plugins/woocommerce/packages/woocommerce-blocks/build/wc-blocks-vendors-style.css?ver=10.2.4 HTTP/1.1" 200 1760 "https://etherealecho.online/" "Mozilla/5.0 (Windows NT 10.0; Win64; x64) AppleWebKit/537.36 (KHTML, like Gecko) Chrome/109.0.0.0 Safari/537.36"
76.146.79.217 - - [12/Jul/2023:18:22:13 -0400] "GET /wp-content/themes/astra/assets/css/minified/compatibility/woocommerce/woocommerce-smallscreen-grid.min.css?ver=4.1.6 HTTP/1.1" 200 796 "https://etherealecho.online/" "Mozilla/5.0 (Windows NT 10.0; Win64; x64) AppleWebKit/537.36 (KHTML, like Gecko) Chrome/109.0.0.0 Safari/537.36"
76.146.79.217 - - [12/Jul/2023:18:22:13 -0400] "GET /wp-content/plugins/woocommerce/packages/woocommerce-blocks/build/wc-blocks-style.css?ver=10.2.4 HTTP/1.1" 200 26445 "https://etherealecho.online/" "Mozilla/5.0 (Windows NT 10.0; Win64; x64) AppleWebKit/537.36 (KHTML, like Gecko) Chrome/109.0.0.0 Safari/537.36"
76.146.79.217 - - [12/Jul/2023:18:22:13 -0400] "GET /wp-includes/css/dist/block-library/style.min.css?ver=6.2.2 HTTP/1.1" 200 11775 "https://etherealecho.online/" "Mozilla/5.0 (Windows NT 10.0; Win64; x64) AppleWebKit/537.36 (KHTML, like Gecko) Chrome/109.0.0.0 Safari/537.36"
76.146.79.217 - - [12/Jul/2023:18:22:13 -0400] "GET /wp-includes/js/dist/hooks.min.js?ver=4169d3cf8e8d95a3d6d5 HTTP/1.1" 200 1575 "https://etherealecho.online/" "Mozilla/5.0 (Windows NT 10.0; Win64; x64) AppleWebKit/537.36 (KHTML, like Gecko) Chrome/109.0.0.0 Safari/537.36"
76.146.79.217 - - [12/Jul/2023:18:22:13 -0400] "GET /wp-content/themes/astra/assets/css/minified/main.min.css?ver=4.1.6 HTTP/1.1" 200 7806 "https://etherealecho.online/" "Mozilla/5.0 (Windows NT 10.0; Win64; x64) AppleWebKit/537.36 (KHTML, like Gecko) Chrome/109.0.0.0 Safari/537.36"
76.146.79.217 - - [12/Jul/2023:18:22:13 -0400] "GET /wp-content/uploads/elementor/css/post-1473.css?ver=1687871100 HTTP/1.1" 200 1047 "https://etherealecho.online/" "Mozilla/5.0 (Windows NT 10.0; Win64; x64) AppleWebKit/537.36 (KHTML, like Gecko) Chrome/109.0.0.0 Safari/537.36"
76.146.79.217 - - [12/Jul/2023:18:22:13 -0400] "GET /wp-content/plugins/instagram-feed/css/sbi-styles.min.css?ver=6.1.5 HTTP/1.1" 200 3248 "https://etherealecho.online/" "Mozilla/5.0 (Windows NT 10.0; Win64; x64) AppleWebKit/537.36 (KHTML, like Gecko) Chrome/109.0.0.0 Safari/537.36"
76.146.79.217 - - [12/Jul/2023:18:22:13 -0400] "GET /wp-content/themes/astra/assets/css/minified/menu-animation.min.css?ver=4.1.6 HTTP/1.1" 200 339 "https://etherealecho.online/" "Mozilla/5.0 (Windows NT 10.0; Win64; x64) AppleWebKit/537.36 (KHTML, like Gecko) Chrome/109.0.0.0 Safari/537.36"
76.146.79.217 - - [12/Jul/2023:18:22:13 -0400] "GET /wp-content/plugins/elementor/assets/css/frontend-lite.min.css?ver=3.14.1 HTTP/1.1" 200 11976 "https://etherealecho.online/" "Mozilla/5.0 (Windows NT 10.0; Win64; x64) AppleWebKit/537.36 (KHTML, like Gecko) Chrome/109.0.0.0 Safari/537.36"
76.146.79.217 - - [12/Jul/2023:18:22:13 -0400] "GET /wp-includes/js/dist/vendor/wp-polyfill-inert.min.js?ver=3.1.2 HTTP/1.1" 200 2320 "https://etherealecho.online/" "Mozilla/5.0 (Windows NT 10.0; Win64; x64) AppleWebKit/537.36 (KHTML, like Gecko) Chrome/109.0.0.0 Safari/537.36"
76.146.79.217 - - [12/Jul/2023:18:22:13 -0400] "GET /wp-includes/js/dist/vendor/regenerator-runtime.min.js?ver=0.13.11 HTTP/1.1" 200 2398 "https://etherealecho.online/" "Mozilla/5.0 (Windows NT 10.0; Win64; x64) AppleWebKit/537.36 (KHTML, like Gecko) Chrome/109.0.0.0 Safari/537.36"
76.146.79.217 - - [12/Jul/2023:18:22:13 -0400] "GET /wp-includes/js/dist/vendor/wp-polyfill.min.js?ver=3.15.0 HTTP/1.1" 200 6335 "https://etherealecho.online/" "Mozilla/5.0 (Windows NT 10.0; Win64; x64) AppleWebKit/537.36 (KHTML, like Gecko) Chrome/109.0.0.0 Safari/537.36"
185.225.74.95 - - [12/Jul/2023:18:23:25 -0400] "GET /wp-content/plugins/woocommerce-payments/changelog.txt HTTP/1.1" 404 1238 "www.google.com" "Mozilla/6.4 (Windows NT 11.1) Gecko/2010102 Firefox/99.0"
102.129.143.13 - - [12/Jul/2023:19:02:50 -0400] "GET / HTTP/1.0" 200 240412 "https://etherealecho.online/" "Mozilla/5.0 (Windows NT 6.3; Win64; x64) AppleWebKit/537.36 (KHTML, like Gecko) Chrome/66.0.3359.181 Safari/537.36"
102.129.143.13 - - [12/Jul/2023:19:02:51 -0400] "GET /?page_id=414 HTTP/1.0" 200 210699 "https://etherealecho.online/?page_id=414" "Mozilla/5.0 (Windows NT 6.3; Win64; x64) AppleWebKit/537.36 (KHTML, like Gecko) Chrome/66.0.3359.181 Safari/537.36"
162.254.39.2 - - [12/Jul/2023:19:02:56 -0400] "POST /wp-cron.php?doing_wp_cron=1689202976.3102779388427734375000 HTTP/1.1" 200 0 "-" "WordPress/6.2.2; https://etherealecho.online"
162.254.39.2 - - [12/Jul/2023:19:02:56 -0400] "POST /wp-cron.php?doing_wp_cron=1689202976.5865709781646728515625 HTTP/1.1" 200 0 "-" "WordPress/6.2.2; https://etherealecho.online"
102.129.143.13 - - [12/Jul/2023:19:02:53 -0400] "POST /?page_id=414 HTTP/1.0" 200 207628 "https://etherealecho.online/?page_id=414" "Mozilla/5.0 (Windows NT 6.3; Win64; x64) AppleWebKit/537.36 (KHTML, like Gecko) Chrome/66.0.3359.181 Safari/537.36"
162.254.39.2 - - [12/Jul/2023:19:02:57 -0400] "POST /wp-admin/admin-ajax.php?action=async_litespeed&nonce=fd5f840c20&litespeed_type=imgoptm HTTP/1.1" 200 21 "-" "WordPress/6.2.2; https://etherealecho.online"
162.254.39.2 - - [12/Jul/2023:19:08:42 -0400] "POST /wp-cron.php?doing_wp_cron=1689203322.6887600421905517578125 HTTP/1.1" 200 0 "-" "WordPress/6.2.2; https://etherealecho.online"
162.254.39.2 - - [12/Jul/2023:19:08:39 -0400] "GET / HTTP/1.1" 200 240412 "-" "Mozilla/5.0 (Windows NT 10.0; Win64; x64; rv:88.0) Gecko/20100101 Firefox/88.0"
162.254.39.2 - - [12/Jul/2023:19:08:43 -0400] "POST /wp-admin/admin-ajax.php?action=async_litespeed&nonce=fd5f840c20&litespeed_type=imgoptm HTTP/1.1" 200 0 "-" "WordPress/6.2.2; https://etherealecho.online"
162.254.39.2 - - [12/Jul/2023:19:13:32 -0400] "POST /wp-cron.php?doing_wp_cron=1689203612.3698379993438720703125 HTTP/1.1" 200 0 "-" "WordPress/6.2.2; https://etherealecho.online"
124.123.70.14 - - [12/Jul/2023:19:13:29 -0400] "POST /xmlrpc.php HTTP/1.1" 200 212 "-" "Mozilla/5.0 (Windows NT 10.0; Win64; x64) AppleWebKit/537.36 (KHTML, like Gecko) Chrome/114.0.0.0 Safari/537.36"
162.254.39.2 - - [12/Jul/2023:19:13:32 -0400] "POST /wp-admin/admin-ajax.php?action=async_litespeed&nonce=fd5f840c20&litespeed_type=imgoptm HTTP/1.1" 200 21 "-" "WordPress/6.2.2; https://etherealecho.online"
200.122.5.221 - - [12/Jul/2023:19:13:38 -0400] "POST /xmlrpc.php HTTP/1.1" 200 212 "-" "Mozilla/5.0 (Windows NT 10.0; Win64; x64) AppleWebKit/537.36 (KHTML, like Gecko) Chrome/114.0.0.0 Safari/537.36"
175.211.150.33 - - [12/Jul/2023:19:13:43 -0400] "POST /xmlrpc.php HTTP/1.1" 200 212 "-" "Mozilla/5.0 (Windows NT 10.0; Win64; x64) AppleWebKit/537.36 (KHTML, like Gecko) Chrome/114.0.0.0 Safari/537.36"
27.145.148.225 - - [12/Jul/2023:19:13:46 -0400] "POST /xmlrpc.php HTTP/1.1" 200 212 "-" "Mozilla/5.0 (Windows NT 10.0; Win64; x64) AppleWebKit/537.36 (KHTML, like Gecko) Chrome/114.0.0.0 Safari/537.36"
162.254.39.2 - - [12/Jul/2023:19:13:59 -0400] "POST /wp-cron.php?doing_wp_cron=1689203639.2820870876312255859375 HTTP/1.1" 200 0 "-" "WordPress/6.2.2; https://etherealecho.online"
201.208.6.164 - - [12/Jul/2023:19:13:58 -0400] "POST /xmlrpc.php HTTP/1.1" 200 212 "-" "Mozilla/5.0 (Windows NT 10.0; Win64; x64) AppleWebKit/537.36 (KHTML, like Gecko) Chrome/114.0.0.0 Safari/537.36"
162.254.39.2 - - [12/Jul/2023:19:13:59 -0400] "POST /wp-admin/admin-ajax.php?action=async_litespeed&nonce=fd5f840c20&litespeed_type=imgoptm HTTP/1.1" 200 21 "-" "WordPress/6.2.2; https://etherealecho.online"
162.254.39.2 - - [12/Jul/2023:19:14:34 -0400] "POST /wp-cron.php?doing_wp_cron=1689203674.6048750877380371093750 HTTP/1.1" 200 0 "-" "WordPress/6.2.2; https://etherealecho.online"
36.88.108.65 - - [12/Jul/2023:19:14:34 -0400] "POST /xmlrpc.php HTTP/1.1" 200 212 "-" "Mozilla/5.0 (Windows NT 10.0; Win64; x64) AppleWebKit/537.36 (KHTML, like Gecko) Chrome/114.0.0.0 Safari/537.36"
45.182.141.11 - - [12/Jul/2023:19:14:36 -0400] "POST /xmlrpc.php HTTP/1.1" 200 212 "-" "Mozilla/5.0 (Windows NT 10.0; Win64; x64) AppleWebKit/537.36 (KHTML, like Gecko) Chrome/114.0.0.0 Safari/537.36"
186.88.117.223 - - [12/Jul/2023:19:14:42 -0400] "POST /xmlrpc.php HTTP/1.1" 200 212 "-" "Mozilla/5.0 (Windows NT 10.0; Win64; x64) AppleWebKit/537.36 (KHTML, like Gecko) Chrome/114.0.0.0 Safari/537.36"
95.10.4.59 - - [12/Jul/2023:19:14:45 -0400] "POST /xmlrpc.php HTTP/1.1" 200 212 "-" "Mozilla/5.0 (Windows NT 10.0; Win64; x64) AppleWebKit/537.36 (KHTML, like Gecko) Chrome/114.0.0.0 Safari/537.36"
162.254.39.2 - - [12/Jul/2023:19:14:54 -0400] "POST /wp-cron.php?doing_wp_cron=1689203694.3723659515380859375000 HTTP/1.1" 200 0 "-" "WordPress/6.2.2; https://etherealecho.online"
190.206.46.105 - - [12/Jul/2023:19:14:53 -0400] "POST /xmlrpc.php HTTP/1.1" 200 212 "-" "Mozilla/5.0 (Windows NT 10.0; Win64; x64) AppleWebKit/537.36 (KHTML, like Gecko) Chrome/114.0.0.0 Safari/537.36"
162.254.39.2 - - [12/Jul/2023:19:14:54 -0400] "POST /wp-admin/admin-ajax.php?action=async_litespeed&nonce=fd5f840c20&litespeed_type=imgoptm HTTP/1.1" 200 21 "-" "WordPress/6.2.2; https://etherealecho.online"
211.161.90.99 - - [12/Jul/2023:19:14:59 -0400] "POST /xmlrpc.php HTTP/1.1" 200 212 "-" "Mozilla/5.0 (Windows NT 10.0; Win64; x64) AppleWebKit/537.36 (KHTML, like Gecko) Chrome/114.0.0.0 Safari/537.36"
91.215.60.125 - - [12/Jul/2023:19:15:00 -0400] "POST /xmlrpc.php HTTP/1.1" 200 212 "-" "Mozilla/5.0 (Windows NT 10.0; Win64; x64) AppleWebKit/537.36 (KHTML, like Gecko) Chrome/114.0.0.0 Safari/537.36"
162.254.39.2 - - [12/Jul/2023:19:15:05 -0400] "POST /wp-cron.php?doing_wp_cron=1689203705.3021030426025390625000 HTTP/1.1" 200 0 "-" "WordPress/6.2.2; https://etherealecho.online"
183.182.121.123 - - [12/Jul/2023:19:15:04 -0400] "POST /xmlrpc.php HTTP/1.1" 200 212 "-" "Mozilla/5.0 (Windows NT 10.0; Win64; x64) AppleWebKit/537.36 (KHTML, like Gecko) Chrome/114.0.0.0 Safari/537.36"
1.52.168.243 - - [12/Jul/2023:19:15:09 -0400] "POST /xmlrpc.php HTTP/1.1" 200 212 "-" "Mozilla/5.0 (Windows NT 10.0; Win64; x64) AppleWebKit/537.36 (KHTML, like Gecko) Chrome/114.0.0.0 Safari/537.36"
85.223.248.182 - - [12/Jul/2023:19:15:37 -0400] "POST /xmlrpc.php HTTP/1.1" 200 212 "-" "Mozilla/5.0 (Windows NT 10.0; Win64; x64) AppleWebKit/537.36 (KHTML, like Gecko) Chrome/114.0.0.0 Safari/537.36"
45.179.200.143 - - [12/Jul/2023:19:15:45 -0400] "POST /xmlrpc.php HTTP/1.1" 200 212 "-" "Mozilla/5.0 (Windows NT 10.0; Win64; x64) AppleWebKit/537.36 (KHTML, like Gecko) Chrome/114.0.0.0 Safari/537.36"
162.254.39.2 - - [12/Jul/2023:19:15:58 -0400] "POST /wp-cron.php?doing_wp_cron=1689203758.2705891132354736328125 HTTP/1.1" 200 0 "-" "WordPress/6.2.2; https://etherealecho.online"
196.0.27.230 - - [12/Jul/2023:19:15:57 -0400] "POST /xmlrpc.php HTTP/1.1" 200 212 "-" "Mozilla/5.0 (Windows NT 10.0; Win64; x64) AppleWebKit/537.36 (KHTML, like Gecko) Chrome/114.0.0.0 Safari/537.36"
162.254.39.2 - - [12/Jul/2023:19:15:58 -0400] "POST /wp-admin/admin-ajax.php?action=async_litespeed&nonce=fd5f840c20&litespeed_type=imgoptm HTTP/1.1" 200 21 "-" "WordPress/6.2.2; https://etherealecho.online"
162.254.39.2 - - [12/Jul/2023:19:16:35 -0400] "POST /wp-cron.php?doing_wp_cron=1689203795.4330360889434814453125 HTTP/1.1" 200 0 "-" "WordPress/6.2.2; https://etherealecho.online"
154.118.240.46 - - [12/Jul/2023:19:16:34 -0400] "POST /xmlrpc.php HTTP/1.1" 200 212 "-" "Mozilla/5.0 (Windows NT 10.0; Win64; x64) AppleWebKit/537.36 (KHTML, like Gecko) Chrome/114.0.0.0 Safari/537.36"
14.254.178.222 - - [12/Jul/2023:19:16:46 -0400] "POST /xmlrpc.php HTTP/1.1" 200 212 "-" "Mozilla/5.0 (Windows NT 10.0; Win64; x64) AppleWebKit/537.36 (KHTML, like Gecko) Chrome/114.0.0.0 Safari/537.36"
91.204.46.238 - - [12/Jul/2023:19:25:33 -0400] "GET /style.php?sig=rename HTTP/1.1" 404 1238 "-" "Mozilla/5.0 (Windows NT 10.0; Win64; x64) AppleWebKit/537.36 (KHTML, like Gecko) Chrome/84.0.4147.105 Safari/537.36"
162.254.39.2 - - [12/Jul/2023:20:54:29 -0400] "POST /wp-cron.php?doing_wp_cron=1689209669.8592429161071777343750 HTTP/1.1" 200 0 "-" "WordPress/6.2.2; https://etherealecho.online"
162.254.39.2 - - [12/Jul/2023:20:54:29 -0400] "POST /wp-cron.php?doing_wp_cron=1689209669.9506618976593017578125 HTTP/1.1" 200 0 "-" "WordPress/6.2.2; https://etherealecho.online"
2.28.204.89 - - [12/Jul/2023:20:54:27 -0400] "GET / HTTP/1.1" 200 37615 "-" "Mozilla/5.0 (Windows NT 10.0; Win64; x64; rv:109.0) Gecko/20100101 Firefox/115.0"
162.254.39.2 - - [12/Jul/2023:20:54:30 -0400] "POST /wp-admin/admin-ajax.php?action=async_litespeed&nonce=927355327e&litespeed_type=imgoptm HTTP/1.1" 200 0 "-" "WordPress/6.2.2; https://etherealecho.online"
162.254.39.2 - - [12/Jul/2023:20:54:31 -0400] "GET / HTTP/1.1" 200 46222 "-" "WordPress/6.2.2; https://etherealecho.online"
2.28.204.89 - - [12/Jul/2023:20:54:31 -0400] "GET /wp-content/plugins/elementor/assets/css/frontend-lite.min.css?ver=3.14.1 HTTP/1.1" 200 0 "https://etherealecho.online/" "Mozilla/5.0 (Windows NT 10.0; Win64; x64; rv:109.0) Gecko/20100101 Firefox/115.0"
2.28.204.89 - - [12/Jul/2023:20:54:31 -0400] "GET /wp-content/uploads/elementor/css/post-1473.css?ver=1687871100 HTTP/1.1" 200 0 "https://etherealecho.online/" "Mozilla/5.0 (Windows NT 10.0; Win64; x64; rv:109.0) Gecko/20100101 Firefox/115.0"
2.28.204.89 - - [12/Jul/2023:20:54:31 -0400] "GET /wp-content/themes/astra/assets/css/minified/main.min.css?ver=4.1.6 HTTP/1.1" 200 0 "https://etherealecho.online/" "Mozilla/5.0 (Windows NT 10.0; Win64; x64; rv:109.0) Gecko/20100101 Firefox/115.0"
2.28.204.89 - - [12/Jul/2023:20:54:31 -0400] "GET /wp-content/themes/astra/assets/css/minified/menu-animation.min.css?ver=4.1.6 HTTP/1.1" 200 0 "https://etherealecho.online/" "Mozilla/5.0 (Windows NT 10.0; Win64; x64; rv:109.0) Gecko/20100101 Firefox/115.0"
2.28.204.89 - - [12/Jul/2023:20:54:32 -0400] "GET /wp-content/plugins/wpforms-lite/assets/js/integrations/elementor/frontend.min.js?ver=1.8.2.2 HTTP/1.1" 200 0 "https://etherealecho.online/" "Mozilla/5.0 (Windows NT 10.0; Win64; x64; rv:109.0) Gecko/20100101 Firefox/115.0"
2.28.204.89 - - [12/Jul/2023:20:54:32 -0400] "GET /wp-content/plugins/elementskit-lite/widgets/init/assets/js/animate-circle.min.js?ver=2.9.0 HTTP/1.1" 200 0 "https://etherealecho.online/" "Mozilla/5.0 (Windows NT 10.0; Win64; x64; rv:109.0) Gecko/20100101 Firefox/115.0"
2.28.204.89 - - [12/Jul/2023:20:54:32 -0400] "GET /wp-content/uploads/2023/05/cropped-LogoMakr-6w4OOX-2.png HTTP/1.1" 200 0 "https://etherealecho.online/" "Mozilla/5.0 (Windows NT 10.0; Win64; x64; rv:109.0) Gecko/20100101 Firefox/115.0"
2.28.204.89 - - [12/Jul/2023:20:54:32 -0400] "POST /?wc-ajax=get_refreshed_fragments HTTP/1.1" 200 3138 "https://etherealecho.online/" "Mozilla/5.0 (Windows NT 10.0; Win64; x64; rv:109.0) Gecko/20100101 Firefox/115.0"
2.28.204.89 - - [12/Jul/2023:22:03:46 -0400] "GET / HTTP/1.1" 200 37615 "-" "Mozilla/5.0 (Windows NT 10.0; Win64; x64; rv:109.0) Gecko/20100101 Firefox/115.0"
2.28.204.89 - - [12/Jul/2023:22:03:46 -0400] "GET /wp-content/plugins/elementor/assets/css/frontend-lite.min.css?ver=3.14.1 HTTP/1.1" 200 0 "https://etherealecho.online/" "Mozilla/5.0 (Windows NT 10.0; Win64; x64; rv:109.0) Gecko/20100101 Firefox/115.0"
2.28.204.89 - - [12/Jul/2023:22:03:46 -0400] "GET /wp-content/plugins/elementskit-lite/libs/framework/assets/js/frontend-script.js?ver=2.9.0 HTTP/1.1" 200 40 "https://etherealecho.online/" "Mozilla/5.0 (Windows NT 10.0; Win64; x64; rv:109.0) Gecko/20100101 Firefox/115.0"
2.28.204.89 - - [12/Jul/2023:22:03:46 -0400] "GET /wp-content/plugins/elementskit-lite/widgets/init/assets/js/animate-circle.min.js?ver=2.9.0 HTTP/1.1" 200 393 "https://etherealecho.online/" "Mozilla/5.0 (Windows NT 10.0; Win64; x64; rv:109.0) Gecko/20100101 Firefox/115.0"
2.28.204.89 - - [12/Jul/2023:22:03:46 -0400] "GET /wp-content/plugins/wpforms-lite/assets/js/integrations/elementor/frontend.min.js?ver=1.8.2.2 HTTP/1.1" 200 342 "https://etherealecho.online/" "Mozilla/5.0 (Windows NT 10.0; Win64; x64; rv:109.0) Gecko/20100101 Firefox/115.0"
2.28.204.89 - - [12/Jul/2023:22:03:46 -0400] "GET /wp-content/plugins/elementor/assets/lib/eicons/css/elementor-icons.min.css?ver=5.20.0 HTTP/1.1" 200 0 "https://etherealecho.online/" "Mozilla/5.0 (Windows NT 10.0; Win64; x64; rv:109.0) Gecko/20100101 Firefox/115.0"
2.28.204.89 - - [12/Jul/2023:22:03:46 -0400] "GET /wp-content/uploads/elementor/css/post-4450.css?ver=1687965641 HTTP/1.1" 200 0 "https://etherealecho.online/" "Mozilla/5.0 (Windows NT 10.0; Win64; x64; rv:109.0) Gecko/20100101 Firefox/115.0"
2.28.204.89 - - [12/Jul/2023:22:03:46 -0400] "GET /wp-content/plugins/woocommerce/assets/fonts/star.woff HTTP/1.1" 200 1304 "https://etherealecho.online/wp-content/themes/astra/assets/css/minified/compatibility/woocommerce/woocommerce-grid.min.css?ver=4.1.6" "Mozilla/5.0 (Windows NT 10.0; Win64; x64; rv:109.0) Gecko/20100101 Firefox/115.0"
2.28.204.89 - - [12/Jul/2023:22:03:46 -0400] "GET /wp-content/uploads/2023/05/cropped-LogoMakr-6w4OOX-2.png HTTP/1.1" 200 0 "https://etherealecho.online/" "Mozilla/5.0 (Windows NT 10.0; Win64; x64; rv:109.0) Gecko/20100101 Firefox/115.0"
162.254.39.2 - - [12/Jul/2023:22:03:49 -0400] "POST /wp-cron.php?doing_wp_cron=1689213829.5728249549865722656250 HTTP/1.1" 200 0 "-" "WordPress/6.2.2; https://etherealecho.online"
162.254.39.2 - - [12/Jul/2023:22:03:49 -0400] "POST /wp-cron.php?doing_wp_cron=1689213829.6329069137573242187500 HTTP/1.1" 200 0 "-" "WordPress/6.2.2; https://etherealecho.online"
2.28.204.89 - - [12/Jul/2023:22:03:46 -0400] "POST /?wc-ajax=get_refreshed_fragments HTTP/1.1" 200 3138 "https://etherealecho.online/" "Mozilla/5.0 (Windows NT 10.0; Win64; x64; rv:109.0) Gecko/20100101 Firefox/115.0"
162.254.39.2 - - [12/Jul/2023:22:03:50 -0400] "POST /wp-admin/admin-ajax.php?action=async_litespeed&nonce=927355327e&litespeed_type=imgoptm HTTP/1.1" 200 21 "-" "WordPress/6.2.2; https://etherealecho.online"
2.28.204.89 - - [12/Jul/2023:22:05:03 -0400] "GET /wp-content/uploads/2023/06/il_1588xN.1400768875_5vfw-600x600.jpg HTTP/1.1" 200 27738 "https://etherealecho.online/" "Mozilla/5.0 (Windows NT 10.0; Win64; x64; rv:109.0) Gecko/20100101 Firefox/115.0"
2.28.204.89 - - [12/Jul/2023:22:05:03 -0400] "GET /wp-content/uploads/2023/06/Screenshot-2023-06-14-at-05-29-03-Focus-Home-Office-Wall-Decor-Inspirational-Wall-Art-Etsy-UK-600x600.png HTTP/1.1" 200 91518 "https://etherealecho.online/" "Mozilla/5.0 (Windows NT 10.0; Win64; x64; rv:109.0) Gecko/20100101 Firefox/115.0"
2.28.204.89 - - [12/Jul/2023:22:05:03 -0400] "GET /wp-content/uploads/2023/06/61qCYPAyLPL._AC_SL1500_-300x300.jpg HTTP/1.1" 200 8339 "https://etherealecho.online/" "Mozilla/5.0 (Windows NT 10.0; Win64; x64; rv:109.0) Gecko/20100101 Firefox/115.0"
2.28.204.89 - - [12/Jul/2023:22:05:03 -0400] "GET /wp-content/uploads/2023/06/Screenshot-2023-06-14-at-05-26-54-Get-Shit-Done-Motivational-Motivate-Office-Desk-Work-Etsy-UK-600x600.png HTTP/1.1" 200 206137 "https://etherealecho.online/" "Mozilla/5.0 (Windows NT 10.0; Win64; x64; rv:109.0) Gecko/20100101 Firefox/115.0"
2.28.204.89 - - [12/Jul/2023:22:05:03 -0400] "GET /wp-content/uploads/2023/06/il_1588xN.5013514007_6y3j-600x600.jpg HTTP/1.1" 200 15815 "https://etherealecho.online/" "Mozilla/5.0 (Windows NT 10.0; Win64; x64; rv:109.0) Gecko/20100101 Firefox/115.0"
76.146.79.217 - - [12/Jul/2023:22:06:30 -0400] "GET / HTTP/1.1" 200 37615 "-" "Mozilla/5.0 (Windows NT 10.0; Win64; x64) AppleWebKit/537.36 (KHTML, like Gecko) Chrome/109.0.0.0 Safari/537.36"
76.146.79.217 - - [12/Jul/2023:22:06:31 -0400] "GET /wp-content/plugins/elementor/assets/css/frontend-lite.min.css?ver=3.14.1 HTTP/1.1" 200 11976 "https://etherealecho.online/" "Mozilla/5.0 (Windows NT 10.0; Win64; x64) AppleWebKit/537.36 (KHTML, like Gecko) Chrome/109.0.0.0 Safari/537.36"
76.146.79.217 - - [12/Jul/2023:22:06:31 -0400] "GET /wp-content/themes/astra/assets/css/minified/menu-animation.min.css?ver=4.1.6 HTTP/1.1" 200 339 "https://etherealecho.online/" "Mozilla/5.0 (Windows NT 10.0; Win64; x64) AppleWebKit/537.36 (KHTML, like Gecko) Chrome/109.0.0.0 Safari/537.36"
76.146.79.217 - - [12/Jul/2023:22:06:31 -0400] "GET /wp-content/themes/astra/assets/css/minified/main.min.css?ver=4.1.6 HTTP/1.1" 200 7806 "https://etherealecho.online/" "Mozilla/5.0 (Windows NT 10.0; Win64; x64) AppleWebKit/537.36 (KHTML, like Gecko) Chrome/109.0.0.0 Safari/537.36"
76.146.79.217 - - [12/Jul/2023:22:06:31 -0400] "GET /wp-content/plugins/woocommerce/packages/woocommerce-blocks/build/wc-blocks-style.css?ver=10.2.4 HTTP/1.1" 200 26445 "https://etherealecho.online/" "Mozilla/5.0 (Windows NT 10.0; Win64; x64) AppleWebKit/537.36 (KHTML, like Gecko) Chrome/109.0.0.0 Safari/537.36"
76.146.79.217 - - [12/Jul/2023:22:06:31 -0400] "GET /wp-content/uploads/elementor/css/post-1473.css?ver=1687871100 HTTP/1.1" 200 1047 "https://etherealecho.online/" "Mozilla/5.0 (Windows NT 10.0; Win64; x64) AppleWebKit/537.36 (KHTML, like Gecko) Chrome/109.0.0.0 Safari/537.36"
76.146.79.217 - - [12/Jul/2023:22:06:31 -0400] "GET /wp-includes/css/dist/block-library/style.min.css?ver=6.2.2 HTTP/1.1" 200 11775 "https://etherealecho.online/" "Mozilla/5.0 (Windows NT 10.0; Win64; x64) AppleWebKit/537.36 (KHTML, like Gecko) Chrome/109.0.0.0 Safari/537.36"
76.146.79.217 - - [12/Jul/2023:22:06:31 -0400] "GET /wp-content/plugins/woocommerce/packages/woocommerce-blocks/build/wc-blocks-vendors-style.css?ver=10.2.4 HTTP/1.1" 200 1760 "https://etherealecho.online/" "Mozilla/5.0 (Windows NT 10.0; Win64; x64) AppleWebKit/537.36 (KHTML, like Gecko) Chrome/109.0.0.0 Safari/537.36"
76.146.79.217 - - [12/Jul/2023:22:06:31 -0400] "GET /wp-content/plugins/instagram-feed/css/sbi-styles.min.css?ver=6.1.5 HTTP/1.1" 200 3248 "https://etherealecho.online/" "Mozilla/5.0 (Windows NT 10.0; Win64; x64) AppleWebKit/537.36 (KHTML, like Gecko) Chrome/109.0.0.0 Safari/537.36"
76.146.79.217 - - [12/Jul/2023:22:06:31 -0400] "GET /wp-content/themes/astra/assets/css/minified/compatibility/woocommerce/woocommerce-layout-grid.min.css?ver=4.1.6 HTTP/1.1" 200 1758 "https://etherealecho.online/" "Mozilla/5.0 (Windows NT 10.0; Win64; x64) AppleWebKit/537.36 (KHTML, like Gecko) Chrome/109.0.0.0 Safari/537.36"
76.146.79.217 - - [12/Jul/2023:22:06:31 -0400] "GET /wp-content/themes/astra/assets/css/minified/compatibility/woocommerce/woocommerce-smallscreen-grid.min.css?ver=4.1.6 HTTP/1.1" 200 796 "https://etherealecho.online/" "Mozilla/5.0 (Windows NT 10.0; Win64; x64) AppleWebKit/537.36 (KHTML, like Gecko) Chrome/109.0.0.0 Safari/537.36"
76.146.79.217 - - [12/Jul/2023:22:06:31 -0400] "GET /wp-includes/css/dashicons.min.css?ver=6.2.2 HTTP/1.1" 200 35110 "https://etherealecho.online/" "Mozilla/5.0 (Windows NT 10.0; Win64; x64) AppleWebKit/537.36 (KHTML, like Gecko) Chrome/109.0.0.0 Safari/537.36"
76.146.79.217 - - [12/Jul/2023:22:06:31 -0400] "GET /wp-content/themes/astra/assets/css/minified/compatibility/woocommerce/woocommerce-grid.min.css?ver=4.1.6 HTTP/1.1" 200 14950 "https://etherealecho.online/" "Mozilla/5.0 (Windows NT 10.0; Win64; x64) AppleWebKit/537.36 (KHTML, like Gecko) Chrome/109.0.0.0 Safari/537.36"
76.146.79.217 - - [12/Jul/2023:22:06:31 -0400] "GET /wp-content/plugins/mystickymenu/js/mystickymenu.min.js?ver=2.6.4 HTTP/1.1" 200 1345 "https://etherealecho.online/" "Mozilla/5.0 (Windows NT 10.0; Win64; x64) AppleWebKit/537.36 (KHTML, like Gecko) Chrome/109.0.0.0 Safari/537.36"
76.146.79.217 - - [12/Jul/2023:22:06:31 -0400] "GET /wp-content/plugins/woocommerce/assets/js/jquery-blockui/jquery.blockUI.min.js?ver=2.7.0-wc.7.8.2 HTTP/1.1" 200 3247 "https://etherealecho.online/" "Mozilla/5.0 (Windows NT 10.0; Win64; x64) AppleWebKit/537.36 (KHTML, like Gecko) Chrome/109.0.0.0 Safari/537.36"
76.146.79.217 - - [12/Jul/2023:22:06:31 -0400] "GET /wp-content/plugins/woocommerce/assets/js/frontend/add-to-cart.min.js?ver=7.8.2 HTTP/1.1" 200 972 "https://etherealecho.online/" "Mozilla/5.0 (Windows NT 10.0; Win64; x64) AppleWebKit/537.36 (KHTML, like Gecko) Chrome/109.0.0.0 Safari/537.36"
76.146.79.217 - - [12/Jul/2023:22:06:31 -0400] "GET /wp-content/plugins/woocommerce/assets/js/js-cookie/js.cookie.min.js?ver=2.1.4-wc.7.8.2 HTTP/1.1" 200 899 "https://etherealecho.online/" "Mozilla/5.0 (Windows NT 10.0; Win64; x64) AppleWebKit/537.36 (KHTML, like Gecko) Chrome/109.0.0.0 Safari/537.36"
76.146.79.217 - - [12/Jul/2023:22:06:31 -0400] "GET /wp-content/plugins/woocommerce/assets/js/frontend/woocommerce.min.js?ver=7.8.2 HTTP/1.1" 200 677 "https://etherealecho.online/" "Mozilla/5.0 (Windows NT 10.0; Win64; x64) AppleWebKit/537.36 (KHTML, like Gecko) Chrome/109.0.0.0 Safari/537.36"
