76.146.79.217 - - [12/Jul/2023:22:06:31 -0400] "GET /wp-includes/js/underscore.min.js?ver=1.13.4 HTTP/1.1" 200 7179 "https://etherealecho.online/" "Mozilla/5.0 (Windows NT 10.0; Win64; x64) AppleWebKit/537.36 (KHTML, like Gecko) Chrome/109.0.0.0 Safari/537.36"
76.146.79.217 - - [12/Jul/2023:22:06:31 -0400] "GET /wp-includes/js/wp-util.min.js?ver=6.2.2 HTTP/1.1" 200 690 "https://etherealecho.online/" "Mozilla/5.0 (Windows NT 10.0; Win64; x64) AppleWebKit/537.36 (KHTML, like Gecko) Chrome/109.0.0.0 Safari/537.36"
76.146.79.217 - - [12/Jul/2023:22:06:31 -0400] "GET /wp-content/plugins/woocommerce/assets/js/frontend/add-to-cart-variation.min.js?ver=7.8.2 HTTP/1.1" 200 3437 "https://etherealecho.online/" "Mozilla/5.0 (Windows NT 10.0; Win64; x64) AppleWebKit/537.36 (KHTML, like Gecko) Chrome/109.0.0.0 Safari/537.36"
76.146.79.217 - - [12/Jul/2023:22:06:31 -0400] "GET /wp-content/plugins/variation-swatches-woo/assets/js/swatches.js?ver=1.0.7 HTTP/1.1" 200 3778 "https://etherealecho.online/" "Mozilla/5.0 (Windows NT 10.0; Win64; x64) AppleWebKit/537.36 (KHTML, like Gecko) Chrome/109.0.0.0 Safari/537.36"
76.146.79.217 - - [12/Jul/2023:22:06:31 -0400] "GET /wp-content/plugins/elementskit-lite/libs/framework/assets/js/frontend-script.js?ver=2.9.0 HTTP/1.1" 200 40 "https://etherealecho.online/" "Mozilla/5.0 (Windows NT 10.0; Win64; x64) AppleWebKit/537.36 (KHTML, like Gecko) Chrome/109.0.0.0 Safari/537.36"
76.146.79.217 - - [12/Jul/2023:22:06:31 -0400] "GET /wp-content/plugins/elementor/assets/lib/eicons/css/elementor-icons.min.css?ver=5.20.0 HTTP/1.1" 200 3658 "https://etherealecho.online/" "Mozilla/5.0 (Windows NT 10.0; Win64; x64) AppleWebKit/537.36 (KHTML, like Gecko) Chrome/109.0.0.0 Safari/537.36"
76.146.79.217 - - [12/Jul/2023:22:06:31 -0400] "GET /wp-content/plugins/elementskit-lite/modules/elementskit-icon-pack/assets/css/ekiticons.css?ver=2.9.0 HTTP/1.1" 200 11757 "https://etherealecho.online/" "Mozilla/5.0 (Windows NT 10.0; Win64; x64) AppleWebKit/537.36 (KHTML, like Gecko) Chrome/109.0.0.0 Safari/537.36"
76.146.79.217 - - [12/Jul/2023:22:06:31 -0400] "GET /wp-content/plugins/sticky-header-effects-for-elementor/assets/css/she-header-style.css?ver=1.6.5 HTTP/1.1" 200 587 "https://etherealecho.online/" "Mozilla/5.0 (Windows NT 10.0; Win64; x64) AppleWebKit/537.36 (KHTML, like Gecko) Chrome/109.0.0.0 Safari/537.36"
76.146.79.217 - - [12/Jul/2023:22:06:31 -0400] "GET /wp-content/plugins/elementor/assets/lib/font-awesome/css/all.min.css?ver=3.14.1 HTTP/1.1" 200 12380 "https://etherealecho.online/" "Mozilla/5.0 (Windows NT 10.0; Win64; x64) AppleWebKit/537.36 (KHTML, like Gecko) Chrome/109.0.0.0 Safari/537.36"
76.146.79.217 - - [12/Jul/2023:22:06:31 -0400] "GET /wp-content/uploads/elementor/css/post-2887.css?ver=1687871100 HTTP/1.1" 200 312 "https://etherealecho.online/" "Mozilla/5.0 (Windows NT 10.0; Win64; x64) AppleWebKit/537.36 (KHTML, like Gecko) Chrome/109.0.0.0 Safari/537.36"
76.146.79.217 - - [12/Jul/2023:22:06:31 -0400] "GET /wp-content/plugins/elementor/assets/lib/font-awesome/css/v4-shims.min.css?ver=3.14.1 HTTP/1.1" 200 3987 "https://etherealecho.online/" "Mozilla/5.0 (Windows NT 10.0; Win64; x64) AppleWebKit/537.36 (KHTML, like Gecko) Chrome/109.0.0.0 Safari/537.36"
76.146.79.217 - - [12/Jul/2023:22:06:31 -0400] "GET /wp-content/plugins/variation-swatches-woo/assets/css/swatches.css?ver=1.0.7 HTTP/1.1" 200 1591 "https://etherealecho.online/" "Mozilla/5.0 (Windows NT 10.0; Win64; x64) AppleWebKit/537.36 (KHTML, like Gecko) Chrome/109.0.0.0 Safari/537.36"
76.146.79.217 - - [12/Jul/2023:22:06:31 -0400] "GET /wp-content/plugins/elementskit-lite/widgets/init/assets/css/widget-styles.css?ver=2.9.0 HTTP/1.1" 200 47092 "https://etherealecho.online/" "Mozilla/5.0 (Windows NT 10.0; Win64; x64) AppleWebKit/537.36 (KHTML, like Gecko) Chrome/109.0.0.0 Safari/537.36"
76.146.79.217 - - [12/Jul/2023:22:06:31 -0400] "GET /wp-content/uploads/elementor/css/post-4450.css?ver=1687965641 HTTP/1.1" 200 2605 "https://etherealecho.online/" "Mozilla/5.0 (Windows NT 10.0; Win64; x64) AppleWebKit/537.36 (KHTML, like Gecko) Chrome/109.0.0.0 Safari/537.36"
76.146.79.217 - - [12/Jul/2023:22:06:31 -0400] "GET /wp-content/plugins/essential-addons-for-elementor-lite/assets/front-end/css/view/general.min.css?ver=5.8.1 HTTP/1.1" 200 724 "https://etherealecho.online/" "Mozilla/5.0 (Windows NT 10.0; Win64; x64) AppleWebKit/537.36 (KHTML, like Gecko) Chrome/109.0.0.0 Safari/537.36"
76.146.79.217 - - [12/Jul/2023:22:06:31 -0400] "GET /wp-content/plugins/elementskit-lite/widgets/init/assets/css/responsive.css?ver=2.9.0 HTTP/1.1" 200 2853 "https://etherealecho.online/" "Mozilla/5.0 (Windows NT 10.0; Win64; x64) AppleWebKit/537.36 (KHTML, like Gecko) Chrome/109.0.0.0 Safari/537.36"
76.146.79.217 - - [12/Jul/2023:22:06:31 -0400] "GET /wp-includes/js/jquery/jquery.min.js?ver=3.6.4 HTTP/1.1" 200 30376 "https://etherealecho.online/" "Mozilla/5.0 (Windows NT 10.0; Win64; x64) AppleWebKit/537.36 (KHTML, like Gecko) Chrome/109.0.0.0 Safari/537.36"
76.146.79.217 - - [12/Jul/2023:22:06:31 -0400] "GET /wp-content/plugins/elementor/assets/lib/animations/animations.min.css?ver=3.14.1 HTTP/1.1" 200 2442 "https://etherealecho.online/" "Mozilla/5.0 (Windows NT 10.0; Win64; x64) AppleWebKit/537.36 (KHTML, like Gecko) Chrome/109.0.0.0 Safari/537.36"
76.146.79.217 - - [12/Jul/2023:22:06:31 -0400] "GET /wp-content/plugins/sticky-header-effects-for-elementor/assets/js/she-header.js?ver=1.6.5 HTTP/1.1" 200 1205 "https://etherealecho.online/" "Mozilla/5.0 (Windows NT 10.0; Win64; x64) AppleWebKit/537.36 (KHTML, like Gecko) Chrome/109.0.0.0 Safari/537.36"
76.146.79.217 - - [12/Jul/2023:22:06:31 -0400] "GET /wp-includes/js/dist/vendor/wp-polyfill-inert.min.js?ver=3.1.2 HTTP/1.1" 200 2320 "https://etherealecho.online/" "Mozilla/5.0 (Windows NT 10.0; Win64; x64) AppleWebKit/537.36 (KHTML, like Gecko) Chrome/109.0.0.0 Safari/537.36"
76.146.79.217 - - [12/Jul/2023:22:06:31 -0400] "GET /wp-includes/js/dist/hooks.min.js?ver=4169d3cf8e8d95a3d6d5 HTTP/1.1" 200 1575 "https://etherealecho.online/" "Mozilla/5.0 (Windows NT 10.0; Win64; x64) AppleWebKit/537.36 (KHTML, like Gecko) Chrome/109.0.0.0 Safari/537.36"
76.146.79.217 - - [12/Jul/2023:22:06:31 -0400] "GET /wp-includes/js/dist/vendor/wp-polyfill.min.js?ver=3.15.0 HTTP/1.1" 200 6335 "https://etherealecho.online/" "Mozilla/5.0 (Windows NT 10.0; Win64; x64) AppleWebKit/537.36 (KHTML, like Gecko) Chrome/109.0.0.0 Safari/537.36"
76.146.79.217 - - [12/Jul/2023:22:06:31 -0400] "GET /wp-includes/js/jquery/jquery-migrate.min.js?ver=3.4.0 HTTP/1.1" 200 4603 "https://etherealecho.online/" "Mozilla/5.0 (Windows NT 10.0; Win64; x64) AppleWebKit/537.36 (KHTML, like Gecko) Chrome/109.0.0.0 Safari/537.36"
76.146.79.217 - - [12/Jul/2023:22:06:31 -0400] "GET /wp-includes/js/dist/vendor/regenerator-runtime.min.js?ver=0.13.11 HTTP/1.1" 200 2398 "https://etherealecho.online/" "Mozilla/5.0 (Windows NT 10.0; Win64; x64) AppleWebKit/537.36 (KHTML, like Gecko) Chrome/109.0.0.0 Safari/537.36"
76.146.79.217 - - [12/Jul/2023:22:06:31 -0400] "GET /wp-content/plugins/elementor/assets/lib/font-awesome/js/v4-shims.min.js?ver=3.14.1 HTTP/1.1" 200 4035 "https://etherealecho.online/" "Mozilla/5.0 (Windows NT 10.0; Win64; x64) AppleWebKit/537.36 (KHTML, like Gecko) Chrome/109.0.0.0 Safari/537.36"
76.146.79.217 - - [12/Jul/2023:22:06:31 -0400] "GET /wp-content/themes/astra/assets/js/minified/frontend.min.js?ver=4.1.6 HTTP/1.1" 200 4657 "https://etherealecho.online/" "Mozilla/5.0 (Windows NT 10.0; Win64; x64) AppleWebKit/537.36 (KHTML, like Gecko) Chrome/109.0.0.0 Safari/537.36"
76.146.79.217 - - [12/Jul/2023:22:06:31 -0400] "GET /wp-content/themes/astra/assets/js/minified/mobile-cart.min.js?ver=4.1.6 HTTP/1.1" 200 782 "https://etherealecho.online/" "Mozilla/5.0 (Windows NT 10.0; Win64; x64) AppleWebKit/537.36 (KHTML, like Gecko) Chrome/109.0.0.0 Safari/537.36"
76.146.79.217 - - [12/Jul/2023:22:06:31 -0400] "GET /wp-content/plugins/mystickymenu/js/welcomebar-front.js?ver=2.6.4 HTTP/1.1" 200 2795 "https://etherealecho.online/" "Mozilla/5.0 (Windows NT 10.0; Win64; x64) AppleWebKit/537.36 (KHTML, like Gecko) Chrome/109.0.0.0 Safari/537.36"
76.146.79.217 - - [12/Jul/2023:22:06:31 -0400] "GET /wp-content/plugins/mystickymenu/js/detectmobilebrowser.js?ver=2.6.4 HTTP/1.1" 200 1342 "https://etherealecho.online/" "Mozilla/5.0 (Windows NT 10.0; Win64; x64) AppleWebKit/537.36 (KHTML, like Gecko) Chrome/109.0.0.0 Safari/537.36"
76.146.79.217 - - [12/Jul/2023:22:06:31 -0400] "GET /wp-content/plugins/mystickymenu/js/morphext/morphext.min.js?ver=2.6.4 HTTP/1.1" 200 532 "https://etherealecho.online/" "Mozilla/5.0 (Windows NT 10.0; Win64; x64) AppleWebKit/537.36 (KHTML, like Gecko) Chrome/109.0.0.0 Safari/537.36"
76.146.79.217 - - [12/Jul/2023:22:06:31 -0400] "GET /wp-content/plugins/elementor/assets/lib/swiper/v8/css/swiper.min.css?ver=8.4.5 HTTP/1.1" 200 4248 "https://etherealecho.online/" "Mozilla/5.0 (Windows NT 10.0; Win64; x64) AppleWebKit/537.36 (KHTML, like Gecko) Chrome/109.0.0.0 Safari/537.36"
76.146.79.217 - - [12/Jul/2023:22:06:31 -0400] "GET /wp-content/plugins/essential-addons-for-elementor-lite/assets/front-end/js/view/general.min.js?ver=5.8.1 HTTP/1.1" 200 3051 "https://etherealecho.online/" "Mozilla/5.0 (Windows NT 10.0; Win64; x64) AppleWebKit/537.36 (KHTML, like Gecko) Chrome/109.0.0.0 Safari/537.36"
76.146.79.217 - - [12/Jul/2023:22:06:31 -0400] "GET /wp-content/plugins/elementor/assets/js/webpack.runtime.min.js?ver=3.14.1 HTTP/1.1" 200 2046 "https://etherealecho.online/" "Mozilla/5.0 (Windows NT 10.0; Win64; x64) AppleWebKit/537.36 (KHTML, like Gecko) Chrome/109.0.0.0 Safari/537.36"
76.146.79.217 - - [12/Jul/2023:22:06:31 -0400] "GET /wp-content/plugins/woocommerce/assets/js/frontend/cart-fragments.min.js?ver=7.8.2 HTTP/1.1" 200 934 "https://etherealecho.online/" "Mozilla/5.0 (Windows NT 10.0; Win64; x64) AppleWebKit/537.36 (KHTML, like Gecko) Chrome/109.0.0.0 Safari/537.36"
76.146.79.217 - - [12/Jul/2023:22:06:31 -0400] "GET /wp-content/plugins/elementor/assets/js/frontend-modules.min.js?ver=3.14.1 HTTP/1.1" 200 15175 "https://etherealecho.online/" "Mozilla/5.0 (Windows NT 10.0; Win64; x64) AppleWebKit/537.36 (KHTML, like Gecko) Chrome/109.0.0.0 Safari/537.36"
76.146.79.217 - - [12/Jul/2023:22:06:31 -0400] "GET /wp-content/plugins/elementor/assets/lib/waypoints/waypoints.min.js?ver=4.0.2 HTTP/1.1" 200 2867 "https://etherealecho.online/" "Mozilla/5.0 (Windows NT 10.0; Win64; x64) AppleWebKit/537.36 (KHTML, like Gecko) Chrome/109.0.0.0 Safari/537.36"
76.146.79.217 - - [12/Jul/2023:22:06:31 -0400] "GET /wp-includes/js/jquery/ui/core.min.js?ver=1.13.2 HTTP/1.1" 200 6801 "https://etherealecho.online/" "Mozilla/5.0 (Windows NT 10.0; Win64; x64) AppleWebKit/537.36 (KHTML, like Gecko) Chrome/109.0.0.0 Safari/537.36"
76.146.79.217 - - [12/Jul/2023:22:06:31 -0400] "GET /wp-content/plugins/elementskit-lite/widgets/init/assets/js/elementor.js?ver=2.9.0 HTTP/1.1" 200 5000 "https://etherealecho.online/" "Mozilla/5.0 (Windows NT 10.0; Win64; x64) AppleWebKit/537.36 (KHTML, like Gecko) Chrome/109.0.0.0 Safari/537.36"
76.146.79.217 - - [12/Jul/2023:22:06:31 -0400] "GET /wp-content/plugins/elementskit-lite/widgets/init/assets/js/animate-circle.min.js?ver=2.9.0 HTTP/1.1" 200 393 "https://etherealecho.online/" "Mozilla/5.0 (Windows NT 10.0; Win64; x64) AppleWebKit/537.36 (KHTML, like Gecko) Chrome/109.0.0.0 Safari/537.36"
76.146.79.217 - - [12/Jul/2023:22:06:31 -0400] "GET /wp-content/plugins/elementskit-lite/widgets/init/assets/js/widget-scripts.js?ver=2.9.0 HTTP/1.1" 200 40428 "https://etherealecho.online/" "Mozilla/5.0 (Windows NT 10.0; Win64; x64) AppleWebKit/537.36 (KHTML, like Gecko) Chrome/109.0.0.0 Safari/537.36"
76.146.79.217 - - [12/Jul/2023:22:06:31 -0400] "GET /wp-content/plugins/elementor/assets/js/frontend.min.js?ver=3.14.1 HTTP/1.1" 200 11911 "https://etherealecho.online/" "Mozilla/5.0 (Windows NT 10.0; Win64; x64) AppleWebKit/537.36 (KHTML, like Gecko) Chrome/109.0.0.0 Safari/537.36"
76.146.79.217 - - [12/Jul/2023:22:06:31 -0400] "GET /wp-content/plugins/wpforms-lite/assets/js/integrations/elementor/frontend.min.js?ver=1.8.2.2 HTTP/1.1" 200 342 "https://etherealecho.online/" "Mozilla/5.0 (Windows NT 10.0; Win64; x64) AppleWebKit/537.36 (KHTML, like Gecko) Chrome/109.0.0.0 Safari/537.36"
2.28.204.89 - - [12/Jul/2023:22:16:14 -0400] "GET / HTTP/1.1" 200 37615 "http://127.0.0.1:5500/" "Mozilla/5.0 (Windows NT 10.0; Win64; x64; rv:109.0) Gecko/20100101 Firefox/115.0"
2.28.204.89 - - [12/Jul/2023:22:16:15 -0400] "POST /?wc-ajax=get_refreshed_fragments HTTP/1.1" 200 0 "https://etherealecho.online/" "Mozilla/5.0 (Windows NT 10.0; Win64; x64; rv:109.0) Gecko/20100101 Firefox/115.0"
162.254.39.2 - - [12/Jul/2023:22:16:18 -0400] "POST /wp-cron.php?doing_wp_cron=1689214578.3705980777740478515625 HTTP/1.1" 200 0 "-" "WordPress/6.2.2; https://etherealecho.online"
162.254.39.2 - - [12/Jul/2023:22:16:18 -0400] "POST /wp-admin/admin-ajax.php?action=async_litespeed&nonce=927355327e&litespeed_type=imgoptm HTTP/1.1" 200 21 "-" "WordPress/6.2.2; https://etherealecho.online"
2.28.204.89 - - [12/Jul/2023:22:31:46 -0400] "GET / HTTP/1.1" 200 37615 "http://127.0.0.1:5500/" "Mozilla/5.0 (Windows NT 10.0; Win64; x64; rv:109.0) Gecko/20100101 Firefox/115.0"
2.28.204.89 - - [12/Jul/2023:22:31:47 -0400] "GET /wp-content/uploads/elementor/css/post-1473.css?ver=1687871100 HTTP/1.1" 200 0 "https://etherealecho.online/" "Mozilla/5.0 (Windows NT 10.0; Win64; x64; rv:109.0) Gecko/20100101 Firefox/115.0"
2.28.204.89 - - [12/Jul/2023:22:31:47 -0400] "GET /wp-content/plugins/elementskit-lite/widgets/init/assets/js/animate-circle.min.js?ver=2.9.0 HTTP/1.1" 200 393 "https://etherealecho.online/" "Mozilla/5.0 (Windows NT 10.0; Win64; x64; rv:109.0) Gecko/20100101 Firefox/115.0"
2.28.204.89 - - [12/Jul/2023:22:31:47 -0400] "GET /wp-content/plugins/wpforms-lite/assets/js/integrations/elementor/frontend.min.js?ver=1.8.2.2 HTTP/1.1" 200 342 "https://etherealecho.online/" "Mozilla/5.0 (Windows NT 10.0; Win64; x64; rv:109.0) Gecko/20100101 Firefox/115.0"
2.28.204.89 - - [12/Jul/2023:22:31:47 -0400] "POST /?wc-ajax=get_refreshed_fragments HTTP/1.1" 200 0 "https://etherealecho.online/" "Mozilla/5.0 (Windows NT 10.0; Win64; x64; rv:109.0) Gecko/20100101 Firefox/115.0"
162.254.39.2 - - [12/Jul/2023:22:31:50 -0400] "POST /wp-cron.php?doing_wp_cron=1689215510.1588909626007080078125 HTTP/1.1" 200 0 "-" "WordPress/6.2.2; https://etherealecho.online"
162.254.39.2 - - [12/Jul/2023:22:31:50 -0400] "POST /wp-admin/admin-ajax.php?action=async_litespeed&nonce=927355327e&litespeed_type=imgoptm HTTP/1.1" 200 21 "-" "WordPress/6.2.2; https://etherealecho.online"
87.236.176.59 - - [12/Jul/2023:23:11:32 -0400] "GET / HTTP/1.1" 200 46222 "http://etherealecho.online" "Mozilla/5.0 (compatible; InternetMeasurement/1.0; +https://internet-measurement.com/)"
87.236.176.172 - - [12/Jul/2023:23:11:33 -0400] "GET /wp-content/uploads/2023/05/cropped-cropped-LogoMakr-6w4OOX-2-270x270.png HTTP/1.1" 200 21204 "-" "Mozilla/5.0 (compatible; InternetMeasurement/1.0; +https://internet-measurement.com/)"
87.236.176.252 - - [12/Jul/2023:23:11:33 -0400] "GET /wp-content/uploads/2023/05/cropped-cropped-LogoMakr-6w4OOX-2-32x32.png HTTP/1.1" 200 1325 "-" "Mozilla/5.0 (compatible; InternetMeasurement/1.0; +https://internet-measurement.com/)"
87.236.176.180 - - [12/Jul/2023:23:11:33 -0400] "GET /wp-content/uploads/2023/05/cropped-cropped-LogoMakr-6w4OOX-2-180x180.png HTTP/1.1" 200 12736 "-" "Mozilla/5.0 (compatible; InternetMeasurement/1.0; +https://internet-measurement.com/)"
147.78.47.249 - - [13/Jul/2023:00:12:25 -0400] "GET /_ignition/health-check/ HTTP/1.1" 404 1238 "http://etherealecho.online/_ignition/health-check/" "Mozilla/5.0 (Windows NT 10.0; Win64; x64) AppleWebKit/537.36 (KHTML, like Gecko) Chrome/109.0.0.0 Safari/537.36"
147.78.47.249 - - [13/Jul/2023:00:12:28 -0400] "GET /public/_ignition/health-check/ HTTP/1.1" 404 1238 "http://etherealecho.online/public/_ignition/health-check/" "Mozilla/5.0 (Windows NT 10.0; Win64; x64) AppleWebKit/537.36 (KHTML, like Gecko) Chrome/109.0.0.0 Safari/537.36"
147.78.47.249 - - [13/Jul/2023:00:12:31 -0400] "GET /wp-includes/wlwmanifest.xml HTTP/1.1" 200 369 "http://etherealecho.online/wp-includes/wlwmanifest.xml" "Mozilla/5.0 (Windows NT 10.0; Win64; x64) AppleWebKit/537.36 (KHTML, like Gecko) Chrome/109.0.0.0 Safari/537.36"
147.78.47.249 - - [13/Jul/2023:00:12:34 -0400] "GET /wp-content/plugins/elementor-pro/assets/css/editor.css HTTP/1.1" 404 1238 "http://etherealecho.online/wp-content/plugins/elementor-pro/assets/css/editor.css" "Mozilla/5.0 (Windows NT 10.0; Win64; x64) AppleWebKit/537.36 (KHTML, like Gecko) Chrome/109.0.0.0 Safari/537.36"
147.78.47.249 - - [13/Jul/2023:00:12:36 -0400] "GET /wp-content/plugins/wp-file-manager/lib/php/connector.minimal.php HTTP/1.1" 404 1238 "http://etherealecho.online/wp-content/plugins/wp-file-manager/lib/php/connector.minimal.php" "Mozilla/5.0 (Windows NT 10.0; Win64; x64) AppleWebKit/537.36 (KHTML, like Gecko) Chrome/109.0.0.0 Safari/537.36"
179.43.191.18 - - [13/Jul/2023:03:27:22 -0400] "GET /.well-known/acme-challenge/cloud.php HTTP/1.1" 404 1238 "http://etherealecho.online/.well-known/acme-challenge/cloud.php" "researchoftheweb"
179.43.191.18 - - [13/Jul/2023:03:27:27 -0400] "GET /cloud.php HTTP/1.1" 404 1238 "http://etherealecho.online/cloud.php" "researchoftheweb"
179.43.191.18 - - [13/Jul/2023:03:27:30 -0400] "GET /cgi-bin/cloud.php HTTP/1.1" 404 1238 "http://etherealecho.online/cgi-bin/cloud.php" "researchoftheweb"
179.43.191.18 - - [13/Jul/2023:03:27:32 -0400] "GET /css/cloud.php HTTP/1.1" 404 1238 "http://etherealecho.online/css/cloud.php" "researchoftheweb"
179.43.191.18 - - [13/Jul/2023:03:27:46 -0400] "GET /images/cloud.php HTTP/1.1" 404 1238 "http://etherealecho.online/images/cloud.php" "researchoftheweb"
179.43.191.18 - - [13/Jul/2023:03:28:00 -0400] "GET /wp-admin/cloud.php HTTP/1.1" 404 1238 "http://etherealecho.online/wp-admin/cloud.php" "researchoftheweb"
185.106.94.195 - - [13/Jul/2023:04:43:35 -0400] "GET / HTTP/1.1" 200 46235 "http://etherealecho.online" "Mozilla/5.0 (iPhone; CPU iPhone OS 10_3_1 like Mac OS X) AppleWebKit/603.1.30 (KHTML, like Gecko) Version/10.0 Mobile/14E304 Safari/602.1"
104.244.77.5 - - [13/Jul/2023:04:43:36 -0400] "GET /?author=1 HTTP/1.1" 200 0 "https://etherealecho.online/" "Mozilla/5.0 (Windows NT 6.3; Win64; x64; rv:58.0) Gecko/20100101 Firefox/58.0"
162.254.39.2 - - [13/Jul/2023:04:43:43 -0400] "POST /wp-cron.php?doing_wp_cron=1689237823.7549779415130615234375 HTTP/1.1" 200 0 "-" "WordPress/6.2.2; https://etherealecho.online"
162.254.39.2 - - [13/Jul/2023:04:43:43 -0400] "POST /wp-cron.php?doing_wp_cron=1689237823.8764750957489013671875 HTTP/1.1" 200 0 "-" "WordPress/6.2.2; https://etherealecho.online"
79.137.202.92 - - [13/Jul/2023:04:43:44 -0400] "GET /?author=2 HTTP/1.1" 404 36979 "https://etherealecho.online/" "Mozilla/5.0 (iPad; CPU OS 12_4_1 like Mac OS X) AppleWebKit/605.1.15 (KHTML, like Gecko) Version/12.1.2 Mobile/15E148 Safari/604.1"
162.254.39.2 - - [13/Jul/2023:04:43:44 -0400] "POST /wp-admin/admin-ajax.php?action=async_litespeed&nonce=927355327e&litespeed_type=imgoptm HTTP/1.1" 200 0 "-" "WordPress/6.2.2; https://etherealecho.online"
162.254.39.2 - - [13/Jul/2023:04:43:53 -0400] "POST /wp-cron.php?doing_wp_cron=1689237833.8390851020812988281250 HTTP/1.1" 200 0 "-" "WordPress/6.2.2; https://etherealecho.online"
77.48.28.236 - - [13/Jul/2023:04:43:53 -0400] "GET /?author=4 HTTP/1.1" 404 36980 "https://etherealecho.online/" "Mozilla/5.0 (Windows NT 6.1; Win64; x64; Trident/7.0; rv:11.0) like Gecko"
162.254.39.2 - - [13/Jul/2023:04:43:54 -0400] "POST /wp-admin/admin-ajax.php?action=async_litespeed&nonce=927355327e&litespeed_type=imgoptm HTTP/1.1" 200 21 "-" "WordPress/6.2.2; https://etherealecho.online"
104.244.74.57 - - [13/Jul/2023:04:43:57 -0400] "GET /?author=5 HTTP/1.1" 404 36980 "https://etherealecho.online/" "Mozilla/5.0 (Windows NT 6.1; Win64; x64) AppleWebKit/537.36 (KHTML, like Gecko) Chrome/79.0.3945.88 Safari/537.36"
45.151.167.10 - - [13/Jul/2023:04:43:59 -0400] "GET /wp-json/wp/v2/users/1 HTTP/1.1" 404 1238 "https://etherealecho.online/" "Mozilla/5.0 (Macintosh; Intel Mac OS X 10_12_5) AppleWebKit/603.2.4 (KHTML, like Gecko) Version/10.1.1 Safari/603.2.4"
185.220.101.41 - - [13/Jul/2023:04:44:12 -0400] "GET /wp-json/wp/v2/users/4 HTTP/1.1" 404 1238 "https://etherealecho.online/" "Mozilla/5.0 (iPhone; CPU iPhone OS 10_3_1 like Mac OS X) AppleWebKit/603.1.30 (KHTML, like Gecko) Version/10.0 Mobile/14E304 Safari/602.1"
185.220.101.136 - - [13/Jul/2023:04:44:14 -0400] "GET /wp-json/wp/v2/users/5 HTTP/1.1" 404 1238 "https://etherealecho.online/" "Mozilla/4.0 (compatible; MSIE 5.01; Windows NT 5.0)"
5.35.32.125 - - [13/Jul/2023:05:55:09 -0400] "GET / HTTP/1.0" 200 240412 "https://etherealecho.online/" "Mozilla/5.0 (Windows NT 10.0; Win64; x64) AppleWebKit/537.36 (KHTML, like Gecko) Chrome/103.0.5060.53 Safari/537.36"
162.254.39.2 - - [13/Jul/2023:05:55:16 -0400] "POST /wp-cron.php?doing_wp_cron=1689242116.4320828914642333984375 HTTP/1.1" 200 0 "-" "WordPress/6.2.2; https://etherealecho.online"
162.254.39.2 - - [13/Jul/2023:05:55:16 -0400] "POST /wp-cron.php?doing_wp_cron=1689242116.5158009529113769531250 HTTP/1.1" 200 0 "-" "WordPress/6.2.2; https://etherealecho.online"
5.35.32.125 - - [13/Jul/2023:05:55:11 -0400] "GET /?add-to-cart=4712 HTTP/1.0" 200 240414 "https://etherealecho.online/?add-to-cart=4712" "Mozilla/5.0 (Windows NT 10.0; Win64; x64) AppleWebKit/537.36 (KHTML, like Gecko) Chrome/103.0.5060.53 Safari/537.36"
162.254.39.2 - - [13/Jul/2023:05:55:17 -0400] "POST /wp-admin/admin-ajax.php?action=async_litespeed&nonce=927355327e&litespeed_type=imgoptm HTTP/1.1" 200 0 "-" "WordPress/6.2.2; https://etherealecho.online"
162.254.39.2 - - [13/Jul/2023:07:44:29 -0400] "POST /wp-cron.php?doing_wp_cron=1689248669.2830269336700439453125 HTTP/1.1" 200 0 "-" "WordPress/6.2.2; https://etherealecho.online"
162.254.39.2 - - [13/Jul/2023:07:44:29 -0400] "POST /wp-cron.php?doing_wp_cron=1689248669.3810460567474365234375 HTTP/1.1" 200 0 "-" "WordPress/6.2.2; https://etherealecho.online"
193.56.58.41 - - [13/Jul/2023:07:44:23 -0400] "GET /index.php?of=1&a=1 HTTP/1.1" 301 0 "etherealecho.online" "Mozilla/5.0 (Windows NT 10.0; Win64; x64) AppleWebKit/587.38 (KHTML, like Gecko) Chrome/74.0.3729.169 Google/569 Safari/537.36"
162.254.39.2 - - [13/Jul/2023:07:44:30 -0400] "POST /wp-admin/admin-ajax.php?action=async_litespeed&nonce=927355327e&litespeed_type=imgoptm HTTP/1.1" 200 0 "-" "WordPress/6.2.2; https://etherealecho.online"
162.254.39.2 - - [13/Jul/2023:07:44:31 -0400] "POST /wp-admin/admin-ajax.php?action=wp_1_wc_privacy_cleanup&nonce=bcb0cebaaa HTTP/1.1" 200 0 "-" "WordPress/6.2.2; https://etherealecho.online"
193.56.58.41 - - [13/Jul/2023:07:44:30 -0400] "GET /?of=1&a=1 HTTP/1.1" 200 240412 "etherealecho.online" "Mozilla/5.0 (Windows NT 10.0; Win64; x64) AppleWebKit/587.38 (KHTML, like Gecko) Chrome/74.0.3729.169 Google/569 Safari/537.36"
47.52.204.60 - - [13/Jul/2023:07:47:58 -0400] "GET /inputs.php HTTP/1.1" 404 1238 "etherealecho.online" "Mozilla/5.1 (Windows NT 6.0; WOW64) AppleWebKit/537.37 (KHTML, like Gecko) Chrome/58.0.1145.75 Safari/537.37"
